Archive member included to satisfy reference by file (symbol)

C:\Enib\OS\LPC55S69_OS.src\LPC55S69\mcuxpresso\libpower_hardabi.a(fsl_power_lib.o)
                              ./drivers/fsl_clock.o (POWER_SetVoltageForFreq)
c:/nxp/mcuxpressoide_11.7.0_9198/ide/plugins/com.nxp.mcuxpresso.tools.win32_11.7.0.202209140929/tools/bin/../lib/gcc/arm-none-eabi/10.3.1/thumb/v8-m.main+fp/hard\libgcc.a(_aeabi_uldivmod.o)
                              ./drivers/fsl_clock.o (__aeabi_uldivmod)
c:/nxp/mcuxpressoide_11.7.0_9198/ide/plugins/com.nxp.mcuxpresso.tools.win32_11.7.0.202209140929/tools/bin/../lib/gcc/arm-none-eabi/10.3.1/thumb/v8-m.main+fp/hard\libgcc.a(_fixunssfdi.o)
                              ./device/system_LPC55S69_cm33_core0.o (__aeabi_f2ulz)
c:/nxp/mcuxpressoide_11.7.0_9198/ide/plugins/com.nxp.mcuxpresso.tools.win32_11.7.0.202209140929/tools/bin/../lib/gcc/arm-none-eabi/10.3.1/thumb/v8-m.main+fp/hard\libgcc.a(_udivmoddi4.o)
                              c:/nxp/mcuxpressoide_11.7.0_9198/ide/plugins/com.nxp.mcuxpresso.tools.win32_11.7.0.202209140929/tools/bin/../lib/gcc/arm-none-eabi/10.3.1/thumb/v8-m.main+fp/hard\libgcc.a(_aeabi_uldivmod.o) (__udivmoddi4)
c:/nxp/mcuxpressoide_11.7.0_9198/ide/plugins/com.nxp.mcuxpresso.tools.win32_11.7.0.202209140929/tools/bin/../lib/gcc/arm-none-eabi/10.3.1/thumb/v8-m.main+fp/hard\libgcc.a(_arm_muldf3.o)
                              c:/nxp/mcuxpressoide_11.7.0_9198/ide/plugins/com.nxp.mcuxpresso.tools.win32_11.7.0.202209140929/tools/bin/../lib/gcc/arm-none-eabi/10.3.1/thumb/v8-m.main+fp/hard\libgcc.a(_fixunssfdi.o) (__aeabi_dmul)
c:/nxp/mcuxpressoide_11.7.0_9198/ide/plugins/com.nxp.mcuxpresso.tools.win32_11.7.0.202209140929/tools/bin/../lib/gcc/arm-none-eabi/10.3.1/thumb/v8-m.main+fp/hard\libgcc.a(_dvmd_tls.o)
                              c:/nxp/mcuxpressoide_11.7.0_9198/ide/plugins/com.nxp.mcuxpresso.tools.win32_11.7.0.202209140929/tools/bin/../lib/gcc/arm-none-eabi/10.3.1/thumb/v8-m.main+fp/hard\libgcc.a(_aeabi_uldivmod.o) (__aeabi_ldiv0)
c:/nxp/mcuxpressoide_11.7.0_9198/ide/plugins/com.nxp.mcuxpresso.tools.win32_11.7.0.202209140929/tools/bin/../lib/gcc/arm-none-eabi/10.3.1/thumb/v8-m.main+fp/hard\libgcc.a(_arm_addsubdf3.o)
                              c:/nxp/mcuxpressoide_11.7.0_9198/ide/plugins/com.nxp.mcuxpresso.tools.win32_11.7.0.202209140929/tools/bin/../lib/gcc/arm-none-eabi/10.3.1/thumb/v8-m.main+fp/hard\libgcc.a(_fixunssfdi.o) (__aeabi_dsub)
c:/nxp/mcuxpressoide_11.7.0_9198/ide/plugins/com.nxp.mcuxpresso.tools.win32_11.7.0.202209140929/tools/bin/../lib/gcc/arm-none-eabi/10.3.1/thumb/v8-m.main+fp/hard\libgcc.a(_arm_fixunsdfsi.o)
                              c:/nxp/mcuxpressoide_11.7.0_9198/ide/plugins/com.nxp.mcuxpresso.tools.win32_11.7.0.202209140929/tools/bin/../lib/gcc/arm-none-eabi/10.3.1/thumb/v8-m.main+fp/hard\libgcc.a(_fixunssfdi.o) (__aeabi_d2uiz)
c:/nxp/mcuxpressoide_11.7.0_9198/ide/plugins/com.nxp.mcuxpresso.tools.win32_11.7.0.202209140929/tools/bin/../lib/gcc/arm-none-eabi/10.3.1/../../../../arm-none-eabi/lib/thumb/v8-m.main+fp/hard\libc_nano.a(lib_a-assert.o)
                              ./drivers/fsl_clock.o (__assert_func)
c:/nxp/mcuxpressoide_11.7.0_9198/ide/plugins/com.nxp.mcuxpresso.tools.win32_11.7.0.202209140929/tools/bin/../lib/gcc/arm-none-eabi/10.3.1/../../../../arm-none-eabi/lib/thumb/v8-m.main+fp/hard\libc_nano.a(lib_a-ctype_.o)
                              ./device/termio.o (_ctype_)
c:/nxp/mcuxpressoide_11.7.0_9198/ide/plugins/com.nxp.mcuxpresso.tools.win32_11.7.0.202209140929/tools/bin/../lib/gcc/arm-none-eabi/10.3.1/../../../../arm-none-eabi/lib/thumb/v8-m.main+fp/hard\libc_nano.a(lib_a-errno.o)
                              ./utilities/fsl_str.o (__errno)
c:/nxp/mcuxpressoide_11.7.0_9198/ide/plugins/com.nxp.mcuxpresso.tools.win32_11.7.0.202209140929/tools/bin/../lib/gcc/arm-none-eabi/10.3.1/../../../../arm-none-eabi/lib/thumb/v8-m.main+fp/hard\libc_nano.a(lib_a-fprintf.o)
                              c:/nxp/mcuxpressoide_11.7.0_9198/ide/plugins/com.nxp.mcuxpresso.tools.win32_11.7.0.202209140929/tools/bin/../lib/gcc/arm-none-eabi/10.3.1/../../../../arm-none-eabi/lib/thumb/v8-m.main+fp/hard\libc_nano.a(lib_a-assert.o) (fiprintf)
c:/nxp/mcuxpressoide_11.7.0_9198/ide/plugins/com.nxp.mcuxpresso.tools.win32_11.7.0.202209140929/tools/bin/../lib/gcc/arm-none-eabi/10.3.1/../../../../arm-none-eabi/lib/thumb/v8-m.main+fp/hard\libc_nano.a(lib_a-impure.o)
                              c:/nxp/mcuxpressoide_11.7.0_9198/ide/plugins/com.nxp.mcuxpresso.tools.win32_11.7.0.202209140929/tools/bin/../lib/gcc/arm-none-eabi/10.3.1/../../../../arm-none-eabi/lib/thumb/v8-m.main+fp/hard\libc_nano.a(lib_a-assert.o) (_impure_ptr)
c:/nxp/mcuxpressoide_11.7.0_9198/ide/plugins/com.nxp.mcuxpresso.tools.win32_11.7.0.202209140929/tools/bin/../lib/gcc/arm-none-eabi/10.3.1/../../../../arm-none-eabi/lib/thumb/v8-m.main+fp/hard\libc_nano.a(lib_a-malloc.o)
                              ./kernel/kernel.o (malloc)
[...]
Memory Configuration

Name             Origin             Length             Attributes
PROGRAM_FLASH    0x00000000         0x00098000         xr
SRAM             0x20000000         0x00040000         xrw
SRAM4            0x20040000         0x00004000         xrw
SRAMX            0x04000000         0x00008000         xrw
USB_RAM          0x40100000         0x00004000         xrw
*default*        0x00000000         0xffffffff

Linker script and memory map

LOAD ./utilities/fsl_debug_console.o
LOAD ./utilities/fsl_str.o
LOAD ./startup/boot_multicore_slave.o
LOAD ./startup/startup_lpc55s69_cm33_core0.o
LOAD ./startup/svc.o
LOAD ./source/main.o
LOAD ./source/oslib.o
LOAD ./source/semihost_hardfault.o
LOAD ./kernel/kernel.o
LOAD ./kernel/list.o
LOAD ./drivers/fsl_clock.o
LOAD ./drivers/fsl_common.o
LOAD ./drivers/fsl_flexcomm.o
LOAD ./drivers/fsl_gpio.o
LOAD ./drivers/fsl_i2c.o
LOAD ./drivers/fsl_inputmux.o
LOAD ./drivers/fsl_pint.o
LOAD ./drivers/fsl_reset.o
LOAD ./drivers/fsl_usart.o
LOAD ./device/system_LPC55S69_cm33_core0.o
LOAD ./device/target.o
LOAD ./device/termio.o
LOAD ./device/vfs.o
LOAD ./component/uart/fsl_adapter_usart.o
LOAD ./component/serial_manager/fsl_component_serial_manager.o
LOAD ./component/serial_manager/fsl_component_serial_port_uart.o
LOAD ./component/lists/fsl_component_generic_list.o
LOAD ./board/board.o
LOAD ./board/clock_config.o
LOAD ./board/peripherals.o
LOAD ./board/pin_mux.o
LOAD ./LPC55S69/drivers/fsl_power.o
LOAD C:\Enib\OS\LPC55S69_OS.src\LPC55S69\mcuxpresso\libpower_hardabi.a
START GROUP
LOAD c:/nxp/mcuxpressoide_11.7.0_9198/ide/plugins/com.nxp.mcuxpresso.tools.win32_11.7.0.202209140929/tools/bin/../lib/gcc/arm-none-eabi/10.3.1/thumb/v8-m.main+fp/hard\libgcc.a
LOAD c:/nxp/mcuxpressoide_11.7.0_9198/ide/plugins/com.nxp.mcuxpresso.tools.win32_11.7.0.202209140929/tools/bin/../lib/gcc/arm-none-eabi/10.3.1/../../../../arm-none-eabi/lib/thumb/v8-m.main+fp/hard\libc_nano.a
LOAD c:/nxp/mcuxpressoide_11.7.0_9198/ide/plugins/com.nxp.mcuxpresso.tools.win32_11.7.0.202209140929/tools/bin/../lib/gcc/arm-none-eabi/10.3.1/../../../../arm-none-eabi/lib/thumb/v8-m.main+fp/hard\libm.a
LOAD c:/nxp/mcuxpressoide_11.7.0_9198/ide/plugins/com.nxp.mcuxpresso.tools.win32_11.7.0.202209140929/tools/bin/../lib/gcc/arm-none-eabi/10.3.1/../../../../arm-none-eabi/lib/thumb/v8-m.main+fp/hard\libcr_newlib_semihost.a
END GROUP
                0x00000000                __base_PROGRAM_FLASH = 0x0
                0x00000000                __base_Flash = 0x0
                0x00098000                __top_PROGRAM_FLASH = 0x98000
                0x00098000                __top_Flash = 0x98000
                0x20000000                __base_SRAM = 0x20000000
                0x20000000                __base_RAM = 0x20000000
                0x20040000                __top_SRAM = 0x20040000
                0x20040000                __top_RAM = 0x20040000
                0x20040000                __base_SRAM4 = 0x20040000
                0x20040000                __base_RAM2 = 0x20040000
                0x20044000                __top_SRAM4 = 0x20044000
                0x20044000                __top_RAM2 = 0x20044000
                0x04000000                __base_SRAMX = 0x4000000
                0x04000000                __base_RAM3 = 0x4000000
                0x04008000                __top_SRAMX = 0x4008000
                0x04008000                __top_RAM3 = 0x4008000
                0x40100000                __base_USB_RAM = 0x40100000
                0x40100000                __base_RAM4 = 0x40100000
                0x40104000                __top_USB_RAM = 0x40104000
                0x40104000                __top_RAM4 = 0x40104000

.text           0x00000000     0x4928
 FILL mask 0xff
                0x00000000                __vectors_start__ = ABSOLUTE (.)
 *(SORT_BY_ALIGNMENT(.isr_vector))
 .isr_vector    0x00000000      0x130 ./startup/startup_lpc55s69_cm33_core0.o
                0x00000000                g_pfnVectors
                0x00000000                __Vectors
                0x00000130                . = ALIGN (0x4)
                0x00000130                __section_table_start = .
                0x00000130                __data_section_table = .
                0x00000130        0x4 LONG 0x4930 LOADADDR (.data)
                0x00000134        0x4 LONG 0x20000000 ADDR (.data)
                0x00000138        0x4 LONG 0x158 SIZEOF (.data)
                0x0000013c        0x4 LONG 0x4930 LOADADDR (.data_RAM2)
                0x00000140        0x4 LONG 0x20040000 ADDR (.data_RAM2)
                0x00000144        0x4 LONG 0x0 SIZEOF (.data_RAM2)
                0x00000148        0x4 LONG 0x4930 LOADADDR (.data_RAM3)
                0x0000014c        0x4 LONG 0x4000000 ADDR (.data_RAM3)
                0x00000150        0x4 LONG 0x0 SIZEOF (.data_RAM3)
                0x00000154        0x4 LONG 0x4930 LOADADDR (.data_RAM4)
                0x00000158        0x4 LONG 0x40100000 ADDR (.data_RAM4)
                0x0000015c        0x4 LONG 0x0 SIZEOF (.data_RAM4)
                0x00000160                __data_section_table_end = .
                0x00000160                __bss_section_table = .
                0x00000160        0x4 LONG 0x20000158 ADDR (.bss)
                0x00000164        0x4 LONG 0x12c SIZEOF (.bss)
                0x00000168        0x4 LONG 0x20040000 ADDR (.bss_RAM2)
                0x0000016c        0x4 LONG 0x0 SIZEOF (.bss_RAM2)
                0x00000170        0x4 LONG 0x4000000 ADDR (.bss_RAM3)
                0x00000174        0x4 LONG 0x0 SIZEOF (.bss_RAM3)
                0x00000178        0x4 LONG 0x40100000 ADDR (.bss_RAM4)
                0x0000017c        0x4 LONG 0x0 SIZEOF (.bss_RAM4)
                0x00000180                __bss_section_table_end = .
                0x00000180                __section_table_end = .
 *(SORT_BY_ALIGNMENT(.after_vectors*))
 .after_vectors.reset
                0x00000180       0x70 ./startup/startup_lpc55s69_cm33_core0.o
                0x00000180                ResetISR
 .after_vectors.init_data
                0x000001f0       0x1e ./startup/startup_lpc55s69_cm33_core0.o
                0x000001f0                data_init
 .after_vectors.init_bss
                0x0000020e       0x12 ./startup/startup_lpc55s69_cm33_core0.o
                0x0000020e                bss_init
 .after_vectors
                0x00000220       0x16 ./startup/startup_lpc55s69_cm33_core0.o
                0x00000220                NMI_Handler
                0x00000224                MemManage_Handler
                0x00000226                BusFault_Handler
                0x00000228                UsageFault_Handler
                0x0000022a                SecureFault_Handler
                0x0000022e                DebugMon_Handler
                0x00000234                Reserved56_DriverIRQHandler
                0x00000234                CTIMER2_DriverIRQHandler
                0x00000234                SEC_VIO_DriverIRQHandler
                0x00000234                IntDefaultHandler
                0x00000234                USB0_DriverIRQHandler
                0x00000234                CASER_DriverIRQHandler
                0x00000234                MRT0_DriverIRQHandler
                0x00000234                UTICK0_DriverIRQHandler
                0x00000234                Reserved41_DriverIRQHandler
                0x00000234                CTIMER4_DriverIRQHandler
                0x00000234                GINT1_DriverIRQHandler
                0x00000234                Reserved55_DriverIRQHandler
                0x00000234                HASHCRYPT_DriverIRQHandler
                0x00000234                USB0_NEEDCLK_DriverIRQHandler
                0x00000234                CTIMER0_DriverIRQHandler
                0x00000234                Reserved42_DriverIRQHandler
                0x00000234                DMA0_DriverIRQHandler
                0x00000234                PQ_DriverIRQHandler
                0x00000234                MAILBOX_DriverIRQHandler
                0x00000234                CTIMER3_DriverIRQHandler
                0x00000234                Reserved61_DriverIRQHandler
                0x00000234                PUF_DriverIRQHandler
                0x00000234                RTC_DriverIRQHandler
                0x00000234                Reserved39_DriverIRQHandler
                0x00000234                USB1_DriverIRQHandler
                0x00000234                Reserved60_DriverIRQHandler
                0x00000234                DMA1_DriverIRQHandler
                0x00000234                ADC0_DriverIRQHandler
                0x00000234                USB1_NEEDCLK_DriverIRQHandler
                0x00000234                Reserved59_DriverIRQHandler
                0x00000234                SDIO_DriverIRQHandler
                0x00000234                GINT0_DriverIRQHandler
                0x00000234                USB1_PHY_DriverIRQHandler
                0x00000234                ACMP_DriverIRQHandler
                0x00000234                Reserved57_DriverIRQHandler
                0x00000234                CTIMER1_DriverIRQHandler
                0x00000234                Reserved46_DriverIRQHandler
                0x00000234                WDT_BOD_DriverIRQHandler
                0x00000234                SCT0_DriverIRQHandler
                0x00000234                PLU_DriverIRQHandler
                0x00000234                OS_EVENT_DriverIRQHandler
                0x00000234                SEC_HYPERVISOR_CALL_DriverIRQHandler
 *(SORT_BY_ALIGNMENT(.text*))
 *fill*         0x00000236        0x2 ff
 .text.__NVIC_SetPriority
                0x00000238       0x54 ./startup/startup_lpc55s69_cm33_core0.o
 .text.PendSV_Handler
                0x0000028c       0x50 ./startup/svc.o
                0x0000028c                PendSV_Handler
 .text.sw_user  0x000002dc       0x50 ./source/main.o
                0x000002dc                sw_user
 .text.tache1   0x0000032c       0x34 ./source/main.o
                0x0000032c                tache1
 .text.tache2   0x00000360       0x34 ./source/main.o
                0x00000360                tache2
 .text.main     0x00000394       0x60 ./source/main.o
                0x00000394                main
 .text.__NVIC_SetPriority
                0x000003f4       0x54 ./kernel/kernel.o
 .text.SysTick_Config
                0x00000448       0x44 ./kernel/kernel.o
 .text.svc_dispatch
                0x0000048c       0xf4 ./kernel/kernel.o
                0x0000048c                svc_dispatch
 .text.sys_switch_ctx
                0x00000580       0x20 ./kernel/kernel.o
                0x00000580                sys_switch_ctx
 .text.sys_tick_cb
                0x000005a0       0xc0 ./kernel/kernel.o
                0x000005a0                sys_tick_cb
 .text.SysTick_Handler
                0x00000660       0x28 ./kernel/kernel.o
                0x00000660                SysTick_Handler
 .text.sys_os_start
                0x00000688       0x48 ./kernel/kernel.o
                0x00000688                sys_os_start
 .text.sys_task_new
                0x000006d0       0xec ./kernel/kernel.o
                0x000006d0                sys_task_new
 .text.sys_task_kill
                0x000007bc       0x3c ./kernel/kernel.o
                0x000007bc                sys_task_kill
 .text.sys_task_id
                0x000007f8       0x18 ./kernel/kernel.o
                0x000007f8                sys_task_id
 .text.sys_task_wait
                0x00000810       0x64 ./kernel/kernel.o
                0x00000810                sys_task_wait
 .text.sys_sem_p
                0x00000874       0x74 ./kernel/kernel.o
                0x00000874                sys_sem_p
 .text.sys_sem_v
                0x000008e8       0x74 ./kernel/kernel.o
                0x000008e8                sys_sem_v
 .text.POWER_EnablePD
                0x0000095c       0x20 ./drivers/fsl_clock.o
 .text.POWER_DisablePD
                0x0000097c       0x20 ./drivers/fsl_clock.o
 .text.CLOCK_AttachClk
                0x0000099c       0x98 ./drivers/fsl_clock.o
                0x0000099c                CLOCK_AttachClk
 .text.CLOCK_SetClkDiv
                0x00000a34       0x80 ./drivers/fsl_clock.o
                0x00000a34                CLOCK_SetClkDiv
 .text.CLOCK_SetupFROClocking
                0x00000ab4       0x80 ./drivers/fsl_clock.o
                0x00000ab4                CLOCK_SetupFROClocking
 .text.CLOCK_SetFLASHAccessCyclesForFreq
                0x00000b34      0x148 ./drivers/fsl_clock.o
                0x00000b34                CLOCK_SetFLASHAccessCyclesForFreq
 .text.CLOCK_SetupExtClocking
                0x00000c7c       0x50 ./drivers/fsl_clock.o
                0x00000c7c                CLOCK_SetupExtClocking
 .text.CLOCK_GetFro1MFreq
                0x00000ccc       0x28 ./drivers/fsl_clock.o
                0x00000ccc                CLOCK_GetFro1MFreq
 .text.CLOCK_GetExtClkFreq
                0x00000cf4       0x2c ./drivers/fsl_clock.o
                0x00000cf4                CLOCK_GetExtClkFreq
 .text.CLOCK_GetOsc32KFreq
                0x00000d20       0x58 ./drivers/fsl_clock.o
                0x00000d20                CLOCK_GetOsc32KFreq
 .text.CLOCK_GetPLL0InClockRate
                0x00000d78       0x64 ./drivers/fsl_clock.o
                0x00000d78                CLOCK_GetPLL0InClockRate
 .text.CLOCK_SetPLL0Freq
                0x00000ddc      0x12c ./drivers/fsl_clock.o
                0x00000ddc                CLOCK_SetPLL0Freq
 .text.SDK_DelayAtLeastUs
                0x00000f08       0xac ./drivers/fsl_common.o
                0x00000f08                SDK_DelayAtLeastUs
 .text.FLEXCOMM0_DriverIRQHandler
                0x00000fb4       0x44 ./drivers/fsl_flexcomm.o
                0x00000fb4                FLEXCOMM0_DriverIRQHandler
 .text.FLEXCOMM1_DriverIRQHandler
                0x00000ff8       0x44 ./drivers/fsl_flexcomm.o
                0x00000ff8                FLEXCOMM1_DriverIRQHandler
 .text.FLEXCOMM2_DriverIRQHandler
                0x0000103c       0x44 ./drivers/fsl_flexcomm.o
                0x0000103c                FLEXCOMM2_DriverIRQHandler
 .text.FLEXCOMM3_DriverIRQHandler
                0x00001080       0x44 ./drivers/fsl_flexcomm.o
                0x00001080                FLEXCOMM3_DriverIRQHandler
 .text.FLEXCOMM4_DriverIRQHandler
                0x000010c4       0x44 ./drivers/fsl_flexcomm.o
                0x000010c4                FLEXCOMM4_DriverIRQHandler
 .text.FLEXCOMM5_DriverIRQHandler
                0x00001108       0x44 ./drivers/fsl_flexcomm.o
                0x00001108                FLEXCOMM5_DriverIRQHandler
 .text.FLEXCOMM6_DriverIRQHandler
                0x0000114c       0x44 ./drivers/fsl_flexcomm.o
                0x0000114c                FLEXCOMM6_DriverIRQHandler
 .text.FLEXCOMM7_DriverIRQHandler
                0x00001190       0x44 ./drivers/fsl_flexcomm.o
                0x00001190                FLEXCOMM7_DriverIRQHandler
 .text.FLEXCOMM8_DriverIRQHandler
                0x000011d4       0x48 ./drivers/fsl_flexcomm.o
                0x000011d4                FLEXCOMM8_DriverIRQHandler
 .text.GPIO_EnablePortClock
                0x0000121c       0x44 ./drivers/fsl_gpio.o
 .text.GPIO_PortInit
                0x00001260       0x2c ./drivers/fsl_gpio.o
                0x00001260                GPIO_PortInit
 .text.__NVIC_EnableIRQ
                0x0000128c       0x3c ./drivers/fsl_pint.o
 .text.__NVIC_ClearPendingIRQ
                0x000012c8       0x3c ./drivers/fsl_pint.o
 .text.PINT_Init
                0x00001304       0xe0 ./drivers/fsl_pint.o
                0x00001304                PINT_Init
 .text.PINT_PinInterruptConfig
                0x000013e4       0xe0 ./drivers/fsl_pint.o
                0x000013e4                PINT_PinInterruptConfig
 .text.PINT_EnableCallbackByIndex
                0x000014c4       0x6c ./drivers/fsl_pint.o
                0x000014c4                PINT_EnableCallbackByIndex
 .text.SEC_GPIO_INT0_IRQ0_DriverIRQHandler
                0x00001530       0x48 ./drivers/fsl_pint.o
                0x00001530                SEC_GPIO_INT0_IRQ0_DriverIRQHandler
 .text.SEC_GPIO_INT0_IRQ1_DriverIRQHandler
                0x00001578       0x44 ./drivers/fsl_pint.o
                0x00001578                SEC_GPIO_INT0_IRQ1_DriverIRQHandler
 .text.PIN_INT0_DriverIRQHandler
                0x000015bc       0x48 ./drivers/fsl_pint.o
                0x000015bc                PIN_INT0_DriverIRQHandler
 .text.PIN_INT1_DriverIRQHandler
                0x00001604       0x48 ./drivers/fsl_pint.o
                0x00001604                PIN_INT1_DriverIRQHandler
 .text.PIN_INT2_DriverIRQHandler
                0x0000164c       0x48 ./drivers/fsl_pint.o
                0x0000164c                PIN_INT2_DriverIRQHandler
 .text.PIN_INT3_DriverIRQHandler
                0x00001694       0x48 ./drivers/fsl_pint.o
                0x00001694                PIN_INT3_DriverIRQHandler
 .text.PIN_INT4_DriverIRQHandler
                0x000016dc       0x48 ./drivers/fsl_pint.o
                0x000016dc                PIN_INT4_DriverIRQHandler
 .text.PIN_INT5_DriverIRQHandler
                0x00001724       0x48 ./drivers/fsl_pint.o
                0x00001724                PIN_INT5_DriverIRQHandler
 .text.PIN_INT6_DriverIRQHandler
                0x0000176c       0x48 ./drivers/fsl_pint.o
                0x0000176c                PIN_INT6_DriverIRQHandler
 .text.PIN_INT7_DriverIRQHandler
                0x000017b4       0x48 ./drivers/fsl_pint.o
                0x000017b4                PIN_INT7_DriverIRQHandler
 .text.RESET_SetPeripheralReset
                0x000017fc       0x6c ./drivers/fsl_reset.o
                0x000017fc                RESET_SetPeripheralReset
 .text.RESET_ClearPeripheralReset
                0x00001868       0x6c ./drivers/fsl_reset.o
                0x00001868                RESET_ClearPeripheralReset
 .text.USART_ReadBlocking
                0x000018d4      0x114 ./drivers/fsl_usart.o
                0x000018d4                USART_ReadBlocking
 .text.SystemInit
                0x000019e8       0x64 ./device/system_LPC55S69_cm33_core0.o
                0x000019e8                SystemInit
 .text.__NVIC_SetPriority
                0x00001a4c       0x54 ./device/target.o
 .text.dev_read_test
                0x00001aa0       0x84 ./device/target.o
 .text.leds     0x00001b24       0x64 ./device/target.o
 .text.dev_init_leds
                0x00001b88       0x64 ./device/target.o
 .text.on_swuser_cb
                0x00001bec       0x24 ./device/target.o
 .text.dev_init_btn
                0x00001c10       0x74 ./device/target.o
 .text.dev_read_ser
                0x00001c84       0x58 ./device/target.o
 .text.dev_init
                0x00001cdc       0x74 ./device/target.o
                0x00001cdc                dev_init
 .text.BOARD_InitDebugConsole
                0x00001d50       0x38 ./board/board.o
                0x00001d50                BOARD_InitDebugConsole
 .text.POWER_DisablePD
                0x00001d88       0x20 ./board/clock_config.o
 .text.BOARD_BootClockPLL100M
                0x00001da8       0xec ./board/clock_config.o
                0x00001da8                BOARD_BootClockPLL100M
 .text.BOARD_InitPins
                0x00001e94       0xd4 ./board/pin_mux.o
                0x00001e94                BOARD_InitPins
 .text.lowpower_set_system_voltage
                0x00001f68       0xa0 C:\Enib\OS\LPC55S69_OS.src\LPC55S69\mcuxpresso\libpower_hardabi.a(fsl_power_lib.o)
 .text.lowpower_set_voltage_for_process
                0x00002008       0x84 C:\Enib\OS\LPC55S69_OS.src\LPC55S69\mcuxpresso\libpower_hardabi.a(fsl_power_lib.o)
 .text.POWER_SetVoltageForFreq
                0x0000208c       0x84 C:\Enib\OS\LPC55S69_OS.src\LPC55S69\mcuxpresso\libpower_hardabi.a(fsl_power_lib.o)
                0x0000208c                POWER_SetVoltageForFreq
 .text          0x00002110       0x30 c:/nxp/mcuxpressoide_11.7.0_9198/ide/plugins/com.nxp.mcuxpresso.tools.win32_11.7.0.202209140929/tools/bin/../lib/gcc/arm-none-eabi/10.3.1/thumb/v8-m.main+fp/hard\libgcc.a(_aeabi_uldivmod.o)
                0x00002110                __aeabi_uldivmod
 .text          0x00002140      0x2ec c:/nxp/mcuxpressoide_11.7.0_9198/ide/plugins/com.nxp.mcuxpresso.tools.win32_11.7.0.202209140929/tools/bin/../lib/gcc/arm-none-eabi/10.3.1/thumb/v8-m.main+fp/hard\libgcc.a(_udivmoddi4.o)
                0x00002140                __udivmoddi4
 .text          0x0000242c        0x4 c:/nxp/mcuxpressoide_11.7.0_9198/ide/plugins/com.nxp.mcuxpresso.tools.win32_11.7.0.202209140929/tools/bin/../lib/gcc/arm-none-eabi/10.3.1/thumb/v8-m.main+fp/hard\libgcc.a(_dvmd_tls.o)
                0x0000242c                __aeabi_idiv0
                0x0000242c                __aeabi_ldiv0
 .text.__assert_func
                0x00002430       0x3c c:/nxp/mcuxpressoide_11.7.0_9198/ide/plugins/com.nxp.mcuxpresso.tools.win32_11.7.0.202209140929/tools/bin/../lib/gcc/arm-none-eabi/10.3.1/../../../../arm-none-eabi/lib/thumb/v8-m.main+fp/hard\libc_nano.a(lib_a-assert.o)
                0x00002430                __assert_func
 .text.__errno  0x0000246c        0xc c:/nxp/mcuxpressoide_11.7.0_9198/ide/plugins/com.nxp.mcuxpresso.tools.win32_11.7.0.202209140929/tools/bin/../lib/gcc/arm-none-eabi/10.3.1/../../../../arm-none-eabi/lib/thumb/v8-m.main+fp/hard\libc_nano.a(lib_a-errno.o)
                0x0000246c                __errno
 .text.fprintf  0x00002478       0x24 c:/nxp/mcuxpressoide_11.7.0_9198/ide/plugins/com.nxp.mcuxpresso.tools.win32_11.7.0.202209140929/tools/bin/../lib/gcc/arm-none-eabi/10.3.1/../../../../arm-none-eabi/lib/thumb/v8-m.main+fp/hard\libc_nano.a(lib_a-fprintf.o)
                0x00002478                fiprintf
                0x00002478                fprintf
 .text.malloc   0x0000249c       0x10 c:/nxp/mcuxpressoide_11.7.0_9198/ide/plugins/com.nxp.mcuxpresso.tools.win32_11.7.0.202209140929/tools/bin/../lib/gcc/arm-none-eabi/10.3.1/../../../../arm-none-eabi/lib/thumb/v8-m.main+fp/hard\libc_nano.a(lib_a-malloc.o)
                0x0000249c                malloc
 .text.free     0x000024ac       0x10 c:/nxp/mcuxpressoide_11.7.0_9198/ide/plugins/com.nxp.mcuxpresso.tools.win32_11.7.0.202209140929/tools/bin/../lib/gcc/arm-none-eabi/10.3.1/../../../../arm-none-eabi/lib/thumb/v8-m.main+fp/hard\libc_nano.a(lib_a-malloc.o)
                0x000024ac                free
 .text._free_r  0x000024bc       0x98 c:/nxp/mcuxpressoide_11.7.0_9198/ide/plugins/com.nxp.mcuxpresso.tools.win32_11.7.0.202209140929/tools/bin/../lib/gcc/arm-none-eabi/10.3.1/../../../../arm-none-eabi/lib/thumb/v8-m.main+fp/hard\libc_nano.a(lib_a-nano-freer.o)
                0x000024bc                _free_r
 .text.sbrk_aligned
                0x00002554       0x40 c:/nxp/mcuxpressoide_11.7.0_9198/ide/plugins/com.nxp.mcuxpresso.tools.win32_11.7.0.202209140929/tools/bin/../lib/gcc/arm-none-eabi/10.3.1/../../../../arm-none-eabi/lib/thumb/v8-m.main+fp/hard\libc_nano.a(lib_a-nano-mallocr.o)
 .text._malloc_r
                0x00002594       0xe8 c:/nxp/mcuxpressoide_11.7.0_9198/ide/plugins/com.nxp.mcuxpresso.tools.win32_11.7.0.202209140929/tools/bin/../lib/gcc/arm-none-eabi/10.3.1/../../../../arm-none-eabi/lib/thumb/v8-m.main+fp/hard\libc_nano.a(lib_a-nano-mallocr.o)
                0x00002594                _malloc_r
 .text._vfprintf_r
                0x0000267c      0x260 c:/nxp/mcuxpressoide_11.7.0_9198/ide/plugins/com.nxp.mcuxpresso.tools.win32_11.7.0.202209140929/tools/bin/../lib/gcc/arm-none-eabi/10.3.1/../../../../arm-none-eabi/lib/thumb/v8-m.main+fp/hard\libc_nano.a(lib_a-nano-vfprintf.o)
                0x0000267c                _vfprintf_r
                0x0000267c                _vfiprintf_r
 .text._printf_i
                0x000028dc      0x24c c:/nxp/mcuxpressoide_11.7.0_9198/ide/plugins/com.nxp.mcuxpresso.tools.win32_11.7.0.202209140929/tools/bin/../lib/gcc/arm-none-eabi/10.3.1/../../../../arm-none-eabi/lib/thumb/v8-m.main+fp/hard\libc_nano.a(lib_a-nano-vfprintf_i.o)
                0x000028dc                _printf_i
 .text.printf   0x00002b28       0x30 c:/nxp/mcuxpressoide_11.7.0_9198/ide/plugins/com.nxp.mcuxpresso.tools.win32_11.7.0.202209140929/tools/bin/../lib/gcc/arm-none-eabi/10.3.1/../../../../arm-none-eabi/lib/thumb/v8-m.main+fp/hard\libc_nano.a(lib_a-printf.o)
                0x00002b28                iprintf
                0x00002b28                printf
 .text._sbrk_r  0x00002b58       0x20 c:/nxp/mcuxpressoide_11.7.0_9198/ide/plugins/com.nxp.mcuxpresso.tools.win32_11.7.0.202209140929/tools/bin/../lib/gcc/arm-none-eabi/10.3.1/../../../../arm-none-eabi/lib/thumb/v8-m.main+fp/hard\libc_nano.a(lib_a-sbrkr.o)
                0x00002b58                _sbrk_r
 .text.__swbuf_r
                0x00002b78       0xa4 c:/nxp/mcuxpressoide_11.7.0_9198/ide/plugins/com.nxp.mcuxpresso.tools.win32_11.7.0.202209140929/tools/bin/../lib/gcc/arm-none-eabi/10.3.1/../../../../arm-none-eabi/lib/thumb/v8-m.main+fp/hard\libc_nano.a(lib_a-wbuf.o)
                0x00002b78                __swbuf_r
 .text.__swsetup_r
                0x00002c1c       0xdc c:/nxp/mcuxpressoide_11.7.0_9198/ide/plugins/com.nxp.mcuxpresso.tools.win32_11.7.0.202209140929/tools/bin/../lib/gcc/arm-none-eabi/10.3.1/../../../../arm-none-eabi/lib/thumb/v8-m.main+fp/hard\libc_nano.a(lib_a-wsetup.o)
                0x00002c1c                __swsetup_r
 .text.__sflush_r
                0x00002cf8      0x108 c:/nxp/mcuxpressoide_11.7.0_9198/ide/plugins/com.nxp.mcuxpresso.tools.win32_11.7.0.202209140929/tools/bin/../lib/gcc/arm-none-eabi/10.3.1/../../../../arm-none-eabi/lib/thumb/v8-m.main+fp/hard\libc_nano.a(lib_a-fflush.o)
                0x00002cf8                __sflush_r
 .text._fflush_r
                0x00002e00       0x78 c:/nxp/mcuxpressoide_11.7.0_9198/ide/plugins/com.nxp.mcuxpresso.tools.win32_11.7.0.202209140929/tools/bin/../lib/gcc/arm-none-eabi/10.3.1/../../../../arm-none-eabi/lib/thumb/v8-m.main+fp/hard\libc_nano.a(lib_a-fflush.o)
                0x00002e00                _fflush_r
 .text.std      0x00002e78       0x48 c:/nxp/mcuxpressoide_11.7.0_9198/ide/plugins/com.nxp.mcuxpresso.tools.win32_11.7.0.202209140929/tools/bin/../lib/gcc/arm-none-eabi/10.3.1/../../../../arm-none-eabi/lib/thumb/v8-m.main+fp/hard\libc_nano.a(lib_a-findfp.o)
 .text._cleanup_r
                0x00002ec0        0xc c:/nxp/mcuxpressoide_11.7.0_9198/ide/plugins/com.nxp.mcuxpresso.tools.win32_11.7.0.202209140929/tools/bin/../lib/gcc/arm-none-eabi/10.3.1/../../../../arm-none-eabi/lib/thumb/v8-m.main+fp/hard\libc_nano.a(lib_a-findfp.o)
                0x00002ec0                _cleanup_r
 .text.__sfp_lock_acquire
                0x00002ecc        0xc c:/nxp/mcuxpressoide_11.7.0_9198/ide/plugins/com.nxp.mcuxpresso.tools.win32_11.7.0.202209140929/tools/bin/../lib/gcc/arm-none-eabi/10.3.1/../../../../arm-none-eabi/lib/thumb/v8-m.main+fp/hard\libc_nano.a(lib_a-findfp.o)
                0x00002ecc                __sfp_lock_acquire
 .text.__sfp_lock_release
                0x00002ed8        0xc c:/nxp/mcuxpressoide_11.7.0_9198/ide/plugins/com.nxp.mcuxpresso.tools.win32_11.7.0.202209140929/tools/bin/../lib/gcc/arm-none-eabi/10.3.1/../../../../arm-none-eabi/lib/thumb/v8-m.main+fp/hard\libc_nano.a(lib_a-findfp.o)
                0x00002ed8                __sfp_lock_release
 .text.__sinit_lock_acquire
                0x00002ee4        0xc c:/nxp/mcuxpressoide_11.7.0_9198/ide/plugins/com.nxp.mcuxpresso.tools.win32_11.7.0.202209140929/tools/bin/../lib/gcc/arm-none-eabi/10.3.1/../../../../arm-none-eabi/lib/thumb/v8-m.main+fp/hard\libc_nano.a(lib_a-findfp.o)
                0x00002ee4                __sinit_lock_acquire
 .text.__sinit_lock_release
                0x00002ef0        0xc c:/nxp/mcuxpressoide_11.7.0_9198/ide/plugins/com.nxp.mcuxpresso.tools.win32_11.7.0.202209140929/tools/bin/../lib/gcc/arm-none-eabi/10.3.1/../../../../arm-none-eabi/lib/thumb/v8-m.main+fp/hard\libc_nano.a(lib_a-findfp.o)
                0x00002ef0                __sinit_lock_release
 .text.__sinit  0x00002efc       0x70 c:/nxp/mcuxpressoide_11.7.0_9198/ide/plugins/com.nxp.mcuxpresso.tools.win32_11.7.0.202209140929/tools/bin/../lib/gcc/arm-none-eabi/10.3.1/../../../../arm-none-eabi/lib/thumb/v8-m.main+fp/hard\libc_nano.a(lib_a-findfp.o)
                0x00002efc                __sinit
 .text.__sfp    0x00002f6c       0x8c c:/nxp/mcuxpressoide_11.7.0_9198/ide/plugins/com.nxp.mcuxpresso.tools.win32_11.7.0.202209140929/tools/bin/../lib/gcc/arm-none-eabi/10.3.1/../../../../arm-none-eabi/lib/thumb/v8-m.main+fp/hard\libc_nano.a(lib_a-findfp.o)
                0x00002f6c                __sfp
 .text.__smakebuf_r
                0x00002ff8       0x80 c:/nxp/mcuxpressoide_11.7.0_9198/ide/plugins/com.nxp.mcuxpresso.tools.win32_11.7.0.202209140929/tools/bin/../lib/gcc/arm-none-eabi/10.3.1/../../../../arm-none-eabi/lib/thumb/v8-m.main+fp/hard\libc_nano.a(lib_a-makebuf.o)
                0x00002ff8                __smakebuf_r
 .text.__malloc_lock
                0x00003078        0xc c:/nxp/mcuxpressoide_11.7.0_9198/ide/plugins/com.nxp.mcuxpresso.tools.win32_11.7.0.202209140929/tools/bin/../lib/gcc/arm-none-eabi/10.3.1/../../../../arm-none-eabi/lib/thumb/v8-m.main+fp/hard\libc_nano.a(lib_a-mlock.o)
                0x00003078                __malloc_lock
 .text.__malloc_unlock
                0x00003084        0xc c:/nxp/mcuxpressoide_11.7.0_9198/ide/plugins/com.nxp.mcuxpresso.tools.win32_11.7.0.202209140929/tools/bin/../lib/gcc/arm-none-eabi/10.3.1/../../../../arm-none-eabi/lib/thumb/v8-m.main+fp/hard\libc_nano.a(lib_a-mlock.o)
                0x00003084                __malloc_unlock
 .text.raise    0x00003090       0x10 c:/nxp/mcuxpressoide_11.7.0_9198/ide/plugins/com.nxp.mcuxpresso.tools.win32_11.7.0.202209140929/tools/bin/../lib/gcc/arm-none-eabi/10.3.1/../../../../arm-none-eabi/lib/thumb/v8-m.main+fp/hard\libc_nano.a(lib_a-signal.o)
                0x00003090                raise
 .text._kill_r  0x000030a0       0x24 c:/nxp/mcuxpressoide_11.7.0_9198/ide/plugins/com.nxp.mcuxpresso.tools.win32_11.7.0.202209140929/tools/bin/../lib/gcc/arm-none-eabi/10.3.1/../../../../arm-none-eabi/lib/thumb/v8-m.main+fp/hard\libc_nano.a(lib_a-signalr.o)
                0x000030a0                _kill_r
 .text._write_r
                0x000030c4       0x24 c:/nxp/mcuxpressoide_11.7.0_9198/ide/plugins/com.nxp.mcuxpresso.tools.win32_11.7.0.202209140929/tools/bin/../lib/gcc/arm-none-eabi/10.3.1/../../../../arm-none-eabi/lib/thumb/v8-m.main+fp/hard\libc_nano.a(lib_a-writer.o)
                0x000030c4                _write_r
 .text._close_r
                0x000030e8       0x20 c:/nxp/mcuxpressoide_11.7.0_9198/ide/plugins/com.nxp.mcuxpresso.tools.win32_11.7.0.202209140929/tools/bin/../lib/gcc/arm-none-eabi/10.3.1/../../../../arm-none-eabi/lib/thumb/v8-m.main+fp/hard\libc_nano.a(lib_a-closer.o)
                0x000030e8                _close_r
 .text._fstat_r
                0x00003108       0x24 c:/nxp/mcuxpressoide_11.7.0_9198/ide/plugins/com.nxp.mcuxpresso.tools.win32_11.7.0.202209140929/tools/bin/../lib/gcc/arm-none-eabi/10.3.1/../../../../arm-none-eabi/lib/thumb/v8-m.main+fp/hard\libc_nano.a(lib_a-fstatr.o)
                0x00003108                _fstat_r
 .text._isatty_r
                0x0000312c       0x20 c:/nxp/mcuxpressoide_11.7.0_9198/ide/plugins/com.nxp.mcuxpresso.tools.win32_11.7.0.202209140929/tools/bin/../lib/gcc/arm-none-eabi/10.3.1/../../../../arm-none-eabi/lib/thumb/v8-m.main+fp/hard\libc_nano.a(lib_a-isattyr.o)
                0x0000312c                _isatty_r
 .text._lseek_r
                0x0000314c       0x24 c:/nxp/mcuxpressoide_11.7.0_9198/ide/plugins/com.nxp.mcuxpresso.tools.win32_11.7.0.202209140929/tools/bin/../lib/gcc/arm-none-eabi/10.3.1/../../../../arm-none-eabi/lib/thumb/v8-m.main+fp/hard\libc_nano.a(lib_a-lseekr.o)
                0x0000314c                _lseek_r
 .text._read_r  0x00003170       0x24 c:/nxp/mcuxpressoide_11.7.0_9198/ide/plugins/com.nxp.mcuxpresso.tools.win32_11.7.0.202209140929/tools/bin/../lib/gcc/arm-none-eabi/10.3.1/../../../../arm-none-eabi/lib/thumb/v8-m.main+fp/hard\libc_nano.a(lib_a-readr.o)
                0x00003170                _read_r
 .text._sbrk    0x00003194       0x3c c:/nxp/mcuxpressoide_11.7.0_9198/ide/plugins/com.nxp.mcuxpresso.tools.win32_11.7.0.202209140929/tools/bin/../lib/gcc/arm-none-eabi/10.3.1/../../../../arm-none-eabi/lib/thumb/v8-m.main+fp/hard\libcr_newlib_semihost.a(_cr_sbrk.o)
                0x00003194                _sbrk
 .text._kill    0x000031d0       0x20 c:/nxp/mcuxpressoide_11.7.0_9198/ide/plugins/com.nxp.mcuxpresso.tools.win32_11.7.0.202209140929/tools/bin/../lib/gcc/arm-none-eabi/10.3.1/../../../../arm-none-eabi/lib/thumb/v8-m.main+fp/hard\libcr_newlib_semihost.a(_kill.o)
                0x000031d0                _kill
 .text.initialise_monitor_handles.part.0
                0x000031f0       0xa4 c:/nxp/mcuxpressoide_11.7.0_9198/ide/plugins/com.nxp.mcuxpresso.tools.win32_11.7.0.202209140929/tools/bin/../lib/gcc/arm-none-eabi/10.3.1/../../../../arm-none-eabi/lib/thumb/v8-m.main+fp/hard\libcr_newlib_semihost.a(syscalls.o)
 .text.findslot
                0x00003294       0x30 c:/nxp/mcuxpressoide_11.7.0_9198/ide/plugins/com.nxp.mcuxpresso.tools.win32_11.7.0.202209140929/tools/bin/../lib/gcc/arm-none-eabi/10.3.1/../../../../arm-none-eabi/lib/thumb/v8-m.main+fp/hard\libcr_newlib_semihost.a(syscalls.o)
 .text._close   0x000032c4       0x4c c:/nxp/mcuxpressoide_11.7.0_9198/ide/plugins/com.nxp.mcuxpresso.tools.win32_11.7.0.202209140929/tools/bin/../lib/gcc/arm-none-eabi/10.3.1/../../../../arm-none-eabi/lib/thumb/v8-m.main+fp/hard\libcr_newlib_semihost.a(syscalls.o)
                0x000032c4                _close
 .text.__check_heap_overflow
                0x00003310       0x18 c:/nxp/mcuxpressoide_11.7.0_9198/ide/plugins/com.nxp.mcuxpresso.tools.win32_11.7.0.202209140929/tools/bin/../lib/gcc/arm-none-eabi/10.3.1/../../../../arm-none-eabi/lib/thumb/v8-m.main+fp/hard\libcr_newlib_semihost.a(_cr_check_heap.o)
                0x00003310                __check_heap_overflow
 .text.WDT_BOD_IRQHandler
                0x00003328        0x8 ./startup/startup_lpc55s69_cm33_core0.o
                0x00003328                WDT_BOD_IRQHandler
 .text.DMA0_IRQHandler
                0x00003330        0x8 ./startup/startup_lpc55s69_cm33_core0.o
                0x00003330                DMA0_IRQHandler
 .text.GINT0_IRQHandler
                0x00003338        0x8 ./startup/startup_lpc55s69_cm33_core0.o
                0x00003338                GINT0_IRQHandler
 .text.GINT1_IRQHandler
                0x00003340        0x8 ./startup/startup_lpc55s69_cm33_core0.o
                0x00003340                GINT1_IRQHandler
 .text.PIN_INT0_IRQHandler
                0x00003348        0x8 ./startup/startup_lpc55s69_cm33_core0.o
                0x00003348                PIN_INT0_IRQHandler
 .text.PIN_INT1_IRQHandler
                0x00003350        0x8 ./startup/startup_lpc55s69_cm33_core0.o
                0x00003350                PIN_INT1_IRQHandler
 .text.PIN_INT2_IRQHandler
                0x00003358        0x8 ./startup/startup_lpc55s69_cm33_core0.o
                0x00003358                PIN_INT2_IRQHandler
 .text.PIN_INT3_IRQHandler
                0x00003360        0x8 ./startup/startup_lpc55s69_cm33_core0.o
                0x00003360                PIN_INT3_IRQHandler
 .text.UTICK0_IRQHandler
                0x00003368        0x8 ./startup/startup_lpc55s69_cm33_core0.o
                0x00003368                UTICK0_IRQHandler
 .text.MRT0_IRQHandler
                0x00003370        0x8 ./startup/startup_lpc55s69_cm33_core0.o
                0x00003370                MRT0_IRQHandler
 .text.CTIMER0_IRQHandler
                0x00003378        0x8 ./startup/startup_lpc55s69_cm33_core0.o
                0x00003378                CTIMER0_IRQHandler
 .text.CTIMER1_IRQHandler
                0x00003380        0x8 ./startup/startup_lpc55s69_cm33_core0.o
                0x00003380                CTIMER1_IRQHandler
 .text.SCT0_IRQHandler
                0x00003388        0x8 ./startup/startup_lpc55s69_cm33_core0.o
                0x00003388                SCT0_IRQHandler
 .text.CTIMER3_IRQHandler
                0x00003390        0x8 ./startup/startup_lpc55s69_cm33_core0.o
                0x00003390                CTIMER3_IRQHandler
 .text.FLEXCOMM0_IRQHandler
                0x00003398        0x8 ./startup/startup_lpc55s69_cm33_core0.o
                0x00003398                FLEXCOMM0_IRQHandler
 .text.FLEXCOMM1_IRQHandler
                0x000033a0        0x8 ./startup/startup_lpc55s69_cm33_core0.o
                0x000033a0                FLEXCOMM1_IRQHandler
 .text.FLEXCOMM2_IRQHandler
                0x000033a8        0x8 ./startup/startup_lpc55s69_cm33_core0.o
                0x000033a8                FLEXCOMM2_IRQHandler
 .text.FLEXCOMM3_IRQHandler
                0x000033b0        0x8 ./startup/startup_lpc55s69_cm33_core0.o
                0x000033b0                FLEXCOMM3_IRQHandler
 .text.FLEXCOMM4_IRQHandler
                0x000033b8        0x8 ./startup/startup_lpc55s69_cm33_core0.o
                0x000033b8                FLEXCOMM4_IRQHandler
 .text.FLEXCOMM5_IRQHandler
                0x000033c0        0x8 ./startup/startup_lpc55s69_cm33_core0.o
                0x000033c0                FLEXCOMM5_IRQHandler
 .text.FLEXCOMM6_IRQHandler
                0x000033c8        0x8 ./startup/startup_lpc55s69_cm33_core0.o
                0x000033c8                FLEXCOMM6_IRQHandler
 .text.FLEXCOMM7_IRQHandler
                0x000033d0        0x8 ./startup/startup_lpc55s69_cm33_core0.o
                0x000033d0                FLEXCOMM7_IRQHandler
 .text.ADC0_IRQHandler
                0x000033d8        0x8 ./startup/startup_lpc55s69_cm33_core0.o
                0x000033d8                ADC0_IRQHandler
 .text.Reserved39_IRQHandler
                0x000033e0        0x8 ./startup/startup_lpc55s69_cm33_core0.o
                0x000033e0                Reserved39_IRQHandler
 .text.ACMP_IRQHandler
                0x000033e8        0x8 ./startup/startup_lpc55s69_cm33_core0.o
                0x000033e8                ACMP_IRQHandler
 .text.Reserved41_IRQHandler
                0x000033f0        0x8 ./startup/startup_lpc55s69_cm33_core0.o
                0x000033f0                Reserved41_IRQHandler
 .text.Reserved42_IRQHandler
                0x000033f8        0x8 ./startup/startup_lpc55s69_cm33_core0.o
                0x000033f8                Reserved42_IRQHandler
 .text.USB0_NEEDCLK_IRQHandler
                0x00003400        0x8 ./startup/startup_lpc55s69_cm33_core0.o
                0x00003400                USB0_NEEDCLK_IRQHandler
 .text.USB0_IRQHandler
                0x00003408        0x8 ./startup/startup_lpc55s69_cm33_core0.o
                0x00003408                USB0_IRQHandler
 .text.RTC_IRQHandler
                0x00003410        0x8 ./startup/startup_lpc55s69_cm33_core0.o
                0x00003410                RTC_IRQHandler
 .text.Reserved46_IRQHandler
                0x00003418        0x8 ./startup/startup_lpc55s69_cm33_core0.o
                0x00003418                Reserved46_IRQHandler
 .text.MAILBOX_IRQHandler
                0x00003420        0x8 ./startup/startup_lpc55s69_cm33_core0.o
                0x00003420                MAILBOX_IRQHandler
 .text.PIN_INT4_IRQHandler
                0x00003428        0x8 ./startup/startup_lpc55s69_cm33_core0.o
                0x00003428                PIN_INT4_IRQHandler
 .text.PIN_INT5_IRQHandler
                0x00003430        0x8 ./startup/startup_lpc55s69_cm33_core0.o
                0x00003430                PIN_INT5_IRQHandler
 .text.PIN_INT6_IRQHandler
                0x00003438        0x8 ./startup/startup_lpc55s69_cm33_core0.o
                0x00003438                PIN_INT6_IRQHandler
 .text.PIN_INT7_IRQHandler
                0x00003440        0x8 ./startup/startup_lpc55s69_cm33_core0.o
                0x00003440                PIN_INT7_IRQHandler
 .text.CTIMER2_IRQHandler
                0x00003448        0x8 ./startup/startup_lpc55s69_cm33_core0.o
                0x00003448                CTIMER2_IRQHandler
 .text.CTIMER4_IRQHandler
                0x00003450        0x8 ./startup/startup_lpc55s69_cm33_core0.o
                0x00003450                CTIMER4_IRQHandler
 .text.OS_EVENT_IRQHandler
                0x00003458        0x8 ./startup/startup_lpc55s69_cm33_core0.o
                0x00003458                OS_EVENT_IRQHandler
 .text.Reserved55_IRQHandler
                0x00003460        0x8 ./startup/startup_lpc55s69_cm33_core0.o
                0x00003460                Reserved55_IRQHandler
 .text.Reserved56_IRQHandler
                0x00003468        0x8 ./startup/startup_lpc55s69_cm33_core0.o
                0x00003468                Reserved56_IRQHandler
 .text.Reserved57_IRQHandler
                0x00003470        0x8 ./startup/startup_lpc55s69_cm33_core0.o
                0x00003470                Reserved57_IRQHandler
 .text.SDIO_IRQHandler
                0x00003478        0x8 ./startup/startup_lpc55s69_cm33_core0.o
                0x00003478                SDIO_IRQHandler
 .text.Reserved59_IRQHandler
                0x00003480        0x8 ./startup/startup_lpc55s69_cm33_core0.o
                0x00003480                Reserved59_IRQHandler
 .text.Reserved60_IRQHandler
                0x00003488        0x8 ./startup/startup_lpc55s69_cm33_core0.o
                0x00003488                Reserved60_IRQHandler
 .text.Reserved61_IRQHandler
                0x00003490        0x8 ./startup/startup_lpc55s69_cm33_core0.o
                0x00003490                Reserved61_IRQHandler
 .text.USB1_PHY_IRQHandler
                0x00003498        0x8 ./startup/startup_lpc55s69_cm33_core0.o
                0x00003498                USB1_PHY_IRQHandler
 .text.USB1_IRQHandler
                0x000034a0        0x8 ./startup/startup_lpc55s69_cm33_core0.o
                0x000034a0                USB1_IRQHandler
 .text.USB1_NEEDCLK_IRQHandler
                0x000034a8        0x8 ./startup/startup_lpc55s69_cm33_core0.o
                0x000034a8                USB1_NEEDCLK_IRQHandler
 .text.SEC_HYPERVISOR_CALL_IRQHandler
                0x000034b0        0x8 ./startup/startup_lpc55s69_cm33_core0.o
                0x000034b0                SEC_HYPERVISOR_CALL_IRQHandler
 .text.SEC_GPIO_INT0_IRQ0_IRQHandler
                0x000034b8        0x8 ./startup/startup_lpc55s69_cm33_core0.o
                0x000034b8                SEC_GPIO_INT0_IRQ0_IRQHandler
 .text.SEC_GPIO_INT0_IRQ1_IRQHandler
                0x000034c0        0x8 ./startup/startup_lpc55s69_cm33_core0.o
                0x000034c0                SEC_GPIO_INT0_IRQ1_IRQHandler
 .text.PLU_IRQHandler
                0x000034c8        0x8 ./startup/startup_lpc55s69_cm33_core0.o
                0x000034c8                PLU_IRQHandler
 .text.SEC_VIO_IRQHandler
                0x000034d0        0x8 ./startup/startup_lpc55s69_cm33_core0.o
                0x000034d0                SEC_VIO_IRQHandler
 .text.HASHCRYPT_IRQHandler
                0x000034d8        0x8 ./startup/startup_lpc55s69_cm33_core0.o
                0x000034d8                HASHCRYPT_IRQHandler
 .text.CASER_IRQHandler
                0x000034e0        0x8 ./startup/startup_lpc55s69_cm33_core0.o
                0x000034e0                CASER_IRQHandler
 .text.PUF_IRQHandler
                0x000034e8        0x8 ./startup/startup_lpc55s69_cm33_core0.o
                0x000034e8                PUF_IRQHandler
 .text.PQ_IRQHandler
                0x000034f0        0x8 ./startup/startup_lpc55s69_cm33_core0.o
                0x000034f0                PQ_IRQHandler
 .text.DMA1_IRQHandler
                0x000034f8        0x8 ./startup/startup_lpc55s69_cm33_core0.o
                0x000034f8                DMA1_IRQHandler
 .text.FLEXCOMM8_IRQHandler
                0x00003500        0x8 ./startup/startup_lpc55s69_cm33_core0.o
                0x00003500                FLEXCOMM8_IRQHandler
 .text.SVC_Handler
                0x00003508       0x24 ./startup/svc.o
                0x00003508                SVC_Handler
 .text.GPIO_PinRead
                0x0000352c       0x28 ./source/main.o
 .text.os_start
                0x00003554       0x10 ./source/oslib.o
                0x00003554                os_start
 .text.task_new
                0x00003564       0x1e ./source/oslib.o
                0x00003564                task_new
 .text.task_kill
                0x00003582       0x10 ./source/oslib.o
                0x00003582                task_kill
 .text.sem_new  0x00003592       0x1c ./source/oslib.o
                0x00003592                sem_new
 .text.sem_p    0x000035ae       0x16 ./source/oslib.o
                0x000035ae                sem_p
 .text.sem_v    0x000035c4       0x16 ./source/oslib.o
                0x000035c4                sem_v
 .text.HardFault_Handler
                0x000035da       0x2c ./source/semihost_hardfault.o
                0x000035da                HardFault_Handler
 .text.sys_add  0x00003606       0x1c ./kernel/kernel.o
                0x00003606                sys_add
 .text.sys_sem_new
                0x00003622       0x28 ./kernel/kernel.o
                0x00003622                sys_sem_new
 .text.list_insert_head
                0x0000364a       0x48 ./kernel/list.o
                0x0000364a                list_insert_head
 .text.list_remove_head
                0x00003692       0x58 ./kernel/list.o
                0x00003692                list_remove_head
 .text.list_insert_tail
                0x000036ea       0x4a ./kernel/list.o
                0x000036ea                list_insert_tail
 .text.list_size
                0x00003734       0x40 ./kernel/list.o
                0x00003734                list_size
 .text.CLOCK_IsPLL0Locked
                0x00003774       0x24 ./drivers/fsl_clock.o
 .text.findPll0PreDiv
                0x00003798       0x3e ./drivers/fsl_clock.o
 .text.DelayLoop
                0x000037d6       0x20 ./drivers/fsl_common.o
 .text.CLOCK_EnableClock
                0x000037f6       0x30 ./drivers/fsl_gpio.o
 .text.GPIO_PinInit
                0x00003826       0xa4 ./drivers/fsl_gpio.o
                0x00003826                GPIO_PinInit
 .text.CLOCK_EnableClock
                0x000038ca       0x30 ./drivers/fsl_inputmux.o
 .text.CLOCK_DisableClock
                0x000038fa       0x30 ./drivers/fsl_inputmux.o
 .text.INPUTMUX_Init
                0x0000392a       0x16 ./drivers/fsl_inputmux.o
                0x0000392a                INPUTMUX_Init
 .text.INPUTMUX_AttachSignal
                0x00003940       0x38 ./drivers/fsl_inputmux.o
                0x00003940                INPUTMUX_AttachSignal
 .text.INPUTMUX_Deinit
                0x00003978       0x16 ./drivers/fsl_inputmux.o
                0x00003978                INPUTMUX_Deinit
 .text.CLOCK_EnableClock
                0x0000398e       0x30 ./drivers/fsl_pint.o
 .text.EnableIRQ
                0x000039be       0x32 ./drivers/fsl_pint.o
 .text.PINT_PinInterruptClrFallFlag
                0x000039f0       0x22 ./drivers/fsl_pint.o
 .text.PINT_PinInterruptClrRiseFlag
                0x00003a12       0x22 ./drivers/fsl_pint.o
 .text.PINT_PatternMatchResetDetectLogic
                0x00003a34       0x34 ./drivers/fsl_pint.o
                0x00003a34                PINT_PatternMatchResetDetectLogic
 .text.PINT_PinInterruptClrStatus
                0x00003a68       0x4e ./drivers/fsl_pint.o
                0x00003a68                PINT_PinInterruptClrStatus
 .text.RESET_PeripheralReset
                0x00003ab6       0x1c ./drivers/fsl_reset.o
                0x00003ab6                RESET_PeripheralReset
 .text.SystemInitHook
                0x00003ad2        0xe ./device/system_LPC55S69_cm33_core0.o
                0x00003ad2                SystemInitHook
 .text.GPIO_PinWrite
                0x00003ae0       0x2a ./device/target.o
 .text.dev_init_test
                0x00003b0a       0x2a ./device/target.o
 .text.dev_open_test
                0x00003b34       0x50 ./device/target.o
 .text.dev_close_test
                0x00003b84       0x34 ./device/target.o
 .text.dev_open_leds
                0x00003bb8       0x6e ./device/target.o
 .text.dev_close_leds
                0x00003c26       0x34 ./device/target.o
 .text.dev_write_leds
                0x00003c5a       0x38 ./device/target.o
 .text.dev_open_btn
                0x00003c92       0x6e ./device/target.o
 .text.dev_close_btn
                0x00003d00       0x34 ./device/target.o
 .text.dev_read_btn
                0x00003d34       0x22 ./device/target.o
 .text.dev_init_ser
                0x00003d56       0x2a ./device/target.o
 .text.dev_open_ser
                0x00003d80       0x5c ./device/target.o
 .text.dev_close_ser
                0x00003ddc       0x34 ./device/target.o
 .text.DbgConsole_Init
                0x00003e10       0x20 ./board/board.o
 .text.BOARD_InitBootClocks
                0x00003e30        0xc ./board/clock_config.o
                0x00003e30                BOARD_InitBootClocks
 .text.BOARD_InitPeripherals
                0x00003e3c        0xe ./board/peripherals.o
                0x00003e3c                BOARD_InitPeripherals
 .text.BOARD_InitBootPeripherals
                0x00003e4a        0xc ./board/peripherals.o
                0x00003e4a                BOARD_InitBootPeripherals
 .text.Chip_GetVersion
                0x00003e56       0x36 ./board/pin_mux.o
 .text.CLOCK_EnableClock
                0x00003e8c       0x30 ./board/pin_mux.o
 .text.IOCON_PinMuxSet
                0x00003ebc       0x2e ./board/pin_mux.o
 .text.BOARD_InitBootPins
                0x00003eea        0xc ./board/pin_mux.o
                0x00003eea                BOARD_InitBootPins
 .text.memcpy   0x00003ef6       0x1a c:/nxp/mcuxpressoide_11.7.0_9198/ide/plugins/com.nxp.mcuxpresso.tools.win32_11.7.0.202209140929/tools/bin/../lib/gcc/arm-none-eabi/10.3.1/../../../../arm-none-eabi/lib/thumb/v8-m.main+fp/hard\libc_nano.a(lib_a-memcpy-stub.o)
                0x00003ef6                memcpy
 .text.memset   0x00003f10       0x10 c:/nxp/mcuxpressoide_11.7.0_9198/ide/plugins/com.nxp.mcuxpresso.tools.win32_11.7.0.202209140929/tools/bin/../lib/gcc/arm-none-eabi/10.3.1/../../../../arm-none-eabi/lib/thumb/v8-m.main+fp/hard\libc_nano.a(lib_a-memset.o)
                0x00003f10                memset
 .text.__sfputc_r
                0x00003f20       0x2e c:/nxp/mcuxpressoide_11.7.0_9198/ide/plugins/com.nxp.mcuxpresso.tools.win32_11.7.0.202209140929/tools/bin/../lib/gcc/arm-none-eabi/10.3.1/../../../../arm-none-eabi/lib/thumb/v8-m.main+fp/hard\libc_nano.a(lib_a-nano-vfprintf.o)
 .text.__sfputs_r
                0x00003f4e       0x24 c:/nxp/mcuxpressoide_11.7.0_9198/ide/plugins/com.nxp.mcuxpresso.tools.win32_11.7.0.202209140929/tools/bin/../lib/gcc/arm-none-eabi/10.3.1/../../../../arm-none-eabi/lib/thumb/v8-m.main+fp/hard\libc_nano.a(lib_a-nano-vfprintf.o)
                0x00003f4e                __sfputs_r
 .text._printf_common
                0x00003f72       0xe0 c:/nxp/mcuxpressoide_11.7.0_9198/ide/plugins/com.nxp.mcuxpresso.tools.win32_11.7.0.202209140929/tools/bin/../lib/gcc/arm-none-eabi/10.3.1/../../../../arm-none-eabi/lib/thumb/v8-m.main+fp/hard\libc_nano.a(lib_a-nano-vfprintf_i.o)
                0x00003f72                _printf_common
 .text          0x00004052       0x10 c:/nxp/mcuxpressoide_11.7.0_9198/ide/plugins/com.nxp.mcuxpresso.tools.win32_11.7.0.202209140929/tools/bin/../lib/gcc/arm-none-eabi/10.3.1/../../../../arm-none-eabi/lib/thumb/v8-m.main+fp/hard\libc_nano.a(lib_a-strlen.o)
                0x00004052                strlen
 .text.abort    0x00004062        0xe c:/nxp/mcuxpressoide_11.7.0_9198/ide/plugins/com.nxp.mcuxpresso.tools.win32_11.7.0.202209140929/tools/bin/../lib/gcc/arm-none-eabi/10.3.1/../../../../arm-none-eabi/lib/thumb/v8-m.main+fp/hard\libc_nano.a(lib_a-abort.o)
                0x00004062                abort
 .text.__sfmoreglue
                0x00004070       0x2c c:/nxp/mcuxpressoide_11.7.0_9198/ide/plugins/com.nxp.mcuxpresso.tools.win32_11.7.0.202209140929/tools/bin/../lib/gcc/arm-none-eabi/10.3.1/../../../../arm-none-eabi/lib/thumb/v8-m.main+fp/hard\libc_nano.a(lib_a-findfp.o)
                0x00004070                __sfmoreglue
 .text._fwalk_reent
                0x0000409c       0x3e c:/nxp/mcuxpressoide_11.7.0_9198/ide/plugins/com.nxp.mcuxpresso.tools.win32_11.7.0.202209140929/tools/bin/../lib/gcc/arm-none-eabi/10.3.1/../../../../arm-none-eabi/lib/thumb/v8-m.main+fp/hard\libc_nano.a(lib_a-fwalk.o)
                0x0000409c                _fwalk_reent
 .text.__retarget_lock_init_recursive
                0x000040da        0x2 c:/nxp/mcuxpressoide_11.7.0_9198/ide/plugins/com.nxp.mcuxpresso.tools.win32_11.7.0.202209140929/tools/bin/../lib/gcc/arm-none-eabi/10.3.1/../../../../arm-none-eabi/lib/thumb/v8-m.main+fp/hard\libc_nano.a(lib_a-lock.o)
                0x000040da                __retarget_lock_init_recursive
 .text.__retarget_lock_acquire_recursive
                0x000040dc        0x2 c:/nxp/mcuxpressoide_11.7.0_9198/ide/plugins/com.nxp.mcuxpresso.tools.win32_11.7.0.202209140929/tools/bin/../lib/gcc/arm-none-eabi/10.3.1/../../../../arm-none-eabi/lib/thumb/v8-m.main+fp/hard\libc_nano.a(lib_a-lock.o)
                0x000040dc                __retarget_lock_acquire_recursive
 .text.__retarget_lock_release_recursive
                0x000040de        0x2 c:/nxp/mcuxpressoide_11.7.0_9198/ide/plugins/com.nxp.mcuxpresso.tools.win32_11.7.0.202209140929/tools/bin/../lib/gcc/arm-none-eabi/10.3.1/../../../../arm-none-eabi/lib/thumb/v8-m.main+fp/hard\libc_nano.a(lib_a-lock.o)
                0x000040de                __retarget_lock_release_recursive
 .text.__swhatbuf_r
                0x000040e0       0x4a c:/nxp/mcuxpressoide_11.7.0_9198/ide/plugins/com.nxp.mcuxpresso.tools.win32_11.7.0.202209140929/tools/bin/../lib/gcc/arm-none-eabi/10.3.1/../../../../arm-none-eabi/lib/thumb/v8-m.main+fp/hard\libc_nano.a(lib_a-makebuf.o)
                0x000040e0                __swhatbuf_r
 .text.memchr   0x0000412a       0x1c c:/nxp/mcuxpressoide_11.7.0_9198/ide/plugins/com.nxp.mcuxpresso.tools.win32_11.7.0.202209140929/tools/bin/../lib/gcc/arm-none-eabi/10.3.1/../../../../arm-none-eabi/lib/thumb/v8-m.main+fp/hard\libc_nano.a(lib_a-memchr-stub.o)
                0x0000412a                memchr
 .text._raise_r
                0x00004146       0x50 c:/nxp/mcuxpressoide_11.7.0_9198/ide/plugins/com.nxp.mcuxpresso.tools.win32_11.7.0.202209140929/tools/bin/../lib/gcc/arm-none-eabi/10.3.1/../../../../arm-none-eabi/lib/thumb/v8-m.main+fp/hard\libc_nano.a(lib_a-signal.o)
                0x00004146                _raise_r
 .text._getpid_r
                0x00004196        0x4 c:/nxp/mcuxpressoide_11.7.0_9198/ide/plugins/com.nxp.mcuxpresso.tools.win32_11.7.0.202209140929/tools/bin/../lib/gcc/arm-none-eabi/10.3.1/../../../../arm-none-eabi/lib/thumb/v8-m.main+fp/hard\libc_nano.a(lib_a-signalr.o)
                0x00004196                _getpid_r
 .text.__sread  0x0000419a       0x22 c:/nxp/mcuxpressoide_11.7.0_9198/ide/plugins/com.nxp.mcuxpresso.tools.win32_11.7.0.202209140929/tools/bin/../lib/gcc/arm-none-eabi/10.3.1/../../../../arm-none-eabi/lib/thumb/v8-m.main+fp/hard\libc_nano.a(lib_a-stdio.o)
                0x0000419a                __sread
 .text.__swrite
                0x000041bc       0x38 c:/nxp/mcuxpressoide_11.7.0_9198/ide/plugins/com.nxp.mcuxpresso.tools.win32_11.7.0.202209140929/tools/bin/../lib/gcc/arm-none-eabi/10.3.1/../../../../arm-none-eabi/lib/thumb/v8-m.main+fp/hard\libc_nano.a(lib_a-stdio.o)
                0x000041bc                __swrite
 .text.__sseek  0x000041f4       0x24 c:/nxp/mcuxpressoide_11.7.0_9198/ide/plugins/com.nxp.mcuxpresso.tools.win32_11.7.0.202209140929/tools/bin/../lib/gcc/arm-none-eabi/10.3.1/../../../../arm-none-eabi/lib/thumb/v8-m.main+fp/hard\libc_nano.a(lib_a-stdio.o)
                0x000041f4                __sseek
 .text.__sclose
                0x00004218        0x8 c:/nxp/mcuxpressoide_11.7.0_9198/ide/plugins/com.nxp.mcuxpresso.tools.win32_11.7.0.202209140929/tools/bin/../lib/gcc/arm-none-eabi/10.3.1/../../../../arm-none-eabi/lib/thumb/v8-m.main+fp/hard\libc_nano.a(lib_a-stdio.o)
                0x00004218                __sclose
 .text._exit    0x00004220        0x8 c:/nxp/mcuxpressoide_11.7.0_9198/ide/plugins/com.nxp.mcuxpresso.tools.win32_11.7.0.202209140929/tools/bin/../lib/gcc/arm-none-eabi/10.3.1/../../../../arm-none-eabi/lib/thumb/v8-m.main+fp/hard\libcr_newlib_semihost.a(_exit.o)
                0x00004220                _exit
 .text.error    0x00004228       0x1c c:/nxp/mcuxpressoide_11.7.0_9198/ide/plugins/com.nxp.mcuxpresso.tools.win32_11.7.0.202209140929/tools/bin/../lib/gcc/arm-none-eabi/10.3.1/../../../../arm-none-eabi/lib/thumb/v8-m.main+fp/hard\libcr_newlib_semihost.a(syscalls.o)
 .text.checkerror
                0x00004244        0xa c:/nxp/mcuxpressoide_11.7.0_9198/ide/plugins/com.nxp.mcuxpresso.tools.win32_11.7.0.202209140929/tools/bin/../lib/gcc/arm-none-eabi/10.3.1/../../../../arm-none-eabi/lib/thumb/v8-m.main+fp/hard\libcr_newlib_semihost.a(syscalls.o)
 .text._swiread
                0x0000424e       0x20 c:/nxp/mcuxpressoide_11.7.0_9198/ide/plugins/com.nxp.mcuxpresso.tools.win32_11.7.0.202209140929/tools/bin/../lib/gcc/arm-none-eabi/10.3.1/../../../../arm-none-eabi/lib/thumb/v8-m.main+fp/hard\libcr_newlib_semihost.a(syscalls.o)
                0x0000424e                _swiread
 .text._read    0x0000426e       0x36 c:/nxp/mcuxpressoide_11.7.0_9198/ide/plugins/com.nxp.mcuxpresso.tools.win32_11.7.0.202209140929/tools/bin/../lib/gcc/arm-none-eabi/10.3.1/../../../../arm-none-eabi/lib/thumb/v8-m.main+fp/hard\libcr_newlib_semihost.a(syscalls.o)
                0x0000426e                _read
 .text._swilseek
                0x000042a4       0x78 c:/nxp/mcuxpressoide_11.7.0_9198/ide/plugins/com.nxp.mcuxpresso.tools.win32_11.7.0.202209140929/tools/bin/../lib/gcc/arm-none-eabi/10.3.1/../../../../arm-none-eabi/lib/thumb/v8-m.main+fp/hard\libcr_newlib_semihost.a(syscalls.o)
                0x000042a4                _swilseek
 .text._lseek   0x0000431c        0x4 c:/nxp/mcuxpressoide_11.7.0_9198/ide/plugins/com.nxp.mcuxpresso.tools.win32_11.7.0.202209140929/tools/bin/../lib/gcc/arm-none-eabi/10.3.1/../../../../arm-none-eabi/lib/thumb/v8-m.main+fp/hard\libcr_newlib_semihost.a(syscalls.o)
                0x0000431c                _lseek
 .text._swiwrite
                0x00004320       0x20 c:/nxp/mcuxpressoide_11.7.0_9198/ide/plugins/com.nxp.mcuxpresso.tools.win32_11.7.0.202209140929/tools/bin/../lib/gcc/arm-none-eabi/10.3.1/../../../../arm-none-eabi/lib/thumb/v8-m.main+fp/hard\libcr_newlib_semihost.a(syscalls.o)
                0x00004320                _swiwrite
 .text._write   0x00004340       0x44 c:/nxp/mcuxpressoide_11.7.0_9198/ide/plugins/com.nxp.mcuxpresso.tools.win32_11.7.0.202209140929/tools/bin/../lib/gcc/arm-none-eabi/10.3.1/../../../../arm-none-eabi/lib/thumb/v8-m.main+fp/hard\libcr_newlib_semihost.a(syscalls.o)
                0x00004340                _write
 .text._swiclose
                0x00004384       0x1a c:/nxp/mcuxpressoide_11.7.0_9198/ide/plugins/com.nxp.mcuxpresso.tools.win32_11.7.0.202209140929/tools/bin/../lib/gcc/arm-none-eabi/10.3.1/../../../../arm-none-eabi/lib/thumb/v8-m.main+fp/hard\libcr_newlib_semihost.a(syscalls.o)
                0x00004384                _swiclose
 .text._getpid  0x0000439e        0x4 c:/nxp/mcuxpressoide_11.7.0_9198/ide/plugins/com.nxp.mcuxpresso.tools.win32_11.7.0.202209140929/tools/bin/../lib/gcc/arm-none-eabi/10.3.1/../../../../arm-none-eabi/lib/thumb/v8-m.main+fp/hard\libcr_newlib_semihost.a(syscalls.o)
                0x0000439e                _getpid
 .text._swistat
                0x000043a2       0x42 c:/nxp/mcuxpressoide_11.7.0_9198/ide/plugins/com.nxp.mcuxpresso.tools.win32_11.7.0.202209140929/tools/bin/../lib/gcc/arm-none-eabi/10.3.1/../../../../arm-none-eabi/lib/thumb/v8-m.main+fp/hard\libcr_newlib_semihost.a(syscalls.o)
                0x000043a2                _swistat
 .text._fstat   0x000043e4       0x1c c:/nxp/mcuxpressoide_11.7.0_9198/ide/plugins/com.nxp.mcuxpresso.tools.win32_11.7.0.202209140929/tools/bin/../lib/gcc/arm-none-eabi/10.3.1/../../../../arm-none-eabi/lib/thumb/v8-m.main+fp/hard\libcr_newlib_semihost.a(syscalls.o)
                0x000043e4                _fstat
 .text._isatty  0x00004400       0x2a c:/nxp/mcuxpressoide_11.7.0_9198/ide/plugins/com.nxp.mcuxpresso.tools.win32_11.7.0.202209140929/tools/bin/../lib/gcc/arm-none-eabi/10.3.1/../../../../arm-none-eabi/lib/thumb/v8-m.main+fp/hard\libcr_newlib_semihost.a(syscalls.o)
                0x00004400                _isatty
 *(SORT_BY_ALIGNMENT(.rodata) SORT_BY_ALIGNMENT(.rodata.*) SORT_BY_ALIGNMENT(.constdata) SORT_BY_ALIGNMENT(.constdata.*))
 *fill*         0x0000442a        0x2 ff
 .rodata.tache1.str1.4
                0x0000442c       0x15 ./source/main.o
 *fill*         0x00004441        0x3 ff
 .rodata.SDK_DelayAtLeastUs.str1.4
                0x00004444       0x38 ./drivers/fsl_common.o
 .rodata.__func__.0
                0x0000447c       0x13 ./drivers/fsl_common.o
 *fill*         0x0000448f        0x1 ff
 .rodata.FLEXCOMM_GetInstance.str1.4
                0x00004490       0x3f ./drivers/fsl_flexcomm.o
 *fill*         0x000044cf        0x1 ff
 .rodata.FLEXCOMM0_DriverIRQHandler.str1.4
                0x000044d0       0x18 ./drivers/fsl_flexcomm.o
 .rodata.FLEXCOMM1_DriverIRQHandler.str1.4
                0x000044e8       0x18 ./drivers/fsl_flexcomm.o
 .rodata.FLEXCOMM2_DriverIRQHandler.str1.4
                0x00004500       0x18 ./drivers/fsl_flexcomm.o
 .rodata.FLEXCOMM3_DriverIRQHandler.str1.4
                0x00004518       0x18 ./drivers/fsl_flexcomm.o
 .rodata.FLEXCOMM4_DriverIRQHandler.str1.4
                0x00004530       0x18 ./drivers/fsl_flexcomm.o
 .rodata.FLEXCOMM5_DriverIRQHandler.str1.4
                0x00004548       0x18 ./drivers/fsl_flexcomm.o
 .rodata.FLEXCOMM6_DriverIRQHandler.str1.4
                0x00004560       0x18 ./drivers/fsl_flexcomm.o
 .rodata.FLEXCOMM7_DriverIRQHandler.str1.4
                0x00004578       0x18 ./drivers/fsl_flexcomm.o
 .rodata.FLEXCOMM8_DriverIRQHandler.str1.4
                0x00004590       0x18 ./drivers/fsl_flexcomm.o
 .rodata.__func__.8
                0x000045a8       0x1b ./drivers/fsl_flexcomm.o
 *fill*         0x000045c3        0x1 ff
 .rodata.__func__.7
                0x000045c4       0x1b ./drivers/fsl_flexcomm.o
 *fill*         0x000045df        0x1 ff
 .rodata.__func__.6
                0x000045e0       0x1b ./drivers/fsl_flexcomm.o
 *fill*         0x000045fb        0x1 ff
 .rodata.__func__.5
                0x000045fc       0x1b ./drivers/fsl_flexcomm.o
 *fill*         0x00004617        0x1 ff
 .rodata.__func__.4
                0x00004618       0x1b ./drivers/fsl_flexcomm.o
 *fill*         0x00004633        0x1 ff
 .rodata.__func__.3
                0x00004634       0x1b ./drivers/fsl_flexcomm.o
 *fill*         0x0000464f        0x1 ff
 .rodata.__func__.2
                0x00004650       0x1b ./drivers/fsl_flexcomm.o
 *fill*         0x0000466b        0x1 ff
 .rodata.__func__.1
                0x0000466c       0x1b ./drivers/fsl_flexcomm.o
 *fill*         0x00004687        0x1 ff
 .rodata.__func__.0
                0x00004688       0x1b ./drivers/fsl_flexcomm.o
 *fill*         0x000046a3        0x1 ff
 .rodata.s_gpioClockName
                0x000046a4        0x8 ./drivers/fsl_gpio.o
 .rodata.s_gpioResets
                0x000046ac       0x18 ./drivers/fsl_gpio.o
 .rodata.GPIO_EnablePortClock.str1.4
                0x000046c4       0x2f ./drivers/fsl_gpio.o
 *fill*         0x000046f3        0x1 ff
 .rodata.__func__.0
                0x000046f4       0x15 ./drivers/fsl_gpio.o
 *fill*         0x00004709        0x3 ff
 .rodata.s_pintIRQ
                0x0000470c        0xa ./drivers/fsl_pint.o
 *fill*         0x00004716        0x2 ff
 .rodata.PINT_Init.str1.4
                0x00004718       0x1b ./drivers/fsl_pint.o
 *fill*         0x00004733        0x1 ff
 .rodata.__func__.9
                0x00004734        0xa ./drivers/fsl_pint.o
 *fill*         0x0000473e        0x2 ff
 .rodata.__func__.8
                0x00004740       0x18 ./drivers/fsl_pint.o
 .rodata.__func__.3
                0x00004758       0x1b ./drivers/fsl_pint.o
 *fill*         0x00004773        0x1 ff
 .rodata.RESET_SetPeripheralReset.str1.4
                0x00004774       0x1c ./drivers/fsl_reset.o
 .rodata.__func__.1
                0x00004790       0x19 ./drivers/fsl_reset.o
 *fill*         0x000047a9        0x3 ff
 .rodata.__func__.0
                0x000047ac       0x1b ./drivers/fsl_reset.o
 *fill*         0x000047c7        0x1 ff
 .rodata.USART_GetInstance.str1.4
                0x000047c8       0x38 ./drivers/fsl_usart.o
 .rodata.USART_WriteBlocking.str1.4
                0x00004800       0x24 ./drivers/fsl_usart.o
 .rodata.__func__.8
                0x00004824       0x13 ./drivers/fsl_usart.o
 *fill*         0x00004837        0x1 ff
 .rodata.dev_read_test.str1.4
                0x00004838       0x13 ./device/target.o
 *fill*         0x0000484b        0x1 ff
 .rodata        0x0000484c        0x2 ./device/target.o
 *fill*         0x0000484e        0x2 ff
 .rodata._global_impure_ptr
                0x00004850        0x4 c:/nxp/mcuxpressoide_11.7.0_9198/ide/plugins/com.nxp.mcuxpresso.tools.win32_11.7.0.202209140929/tools/bin/../lib/gcc/arm-none-eabi/10.3.1/../../../../arm-none-eabi/lib/thumb/v8-m.main+fp/hard\libc_nano.a(lib_a-impure.o)
                0x00004850                _global_impure_ptr
 .rodata.__sf_fake_stderr
                0x00004854       0x20 c:/nxp/mcuxpressoide_11.7.0_9198/ide/plugins/com.nxp.mcuxpresso.tools.win32_11.7.0.202209140929/tools/bin/../lib/gcc/arm-none-eabi/10.3.1/../../../../arm-none-eabi/lib/thumb/v8-m.main+fp/hard\libc_nano.a(lib_a-findfp.o)
                0x00004854                __sf_fake_stderr
 .rodata.__sf_fake_stdin
                0x00004874       0x20 c:/nxp/mcuxpressoide_11.7.0_9198/ide/plugins/com.nxp.mcuxpresso.tools.win32_11.7.0.202209140929/tools/bin/../lib/gcc/arm-none-eabi/10.3.1/../../../../arm-none-eabi/lib/thumb/v8-m.main+fp/hard\libc_nano.a(lib_a-findfp.o)
                0x00004874                __sf_fake_stdin
 .rodata.__sf_fake_stdout
                0x00004894       0x20 c:/nxp/mcuxpressoide_11.7.0_9198/ide/plugins/com.nxp.mcuxpresso.tools.win32_11.7.0.202209140929/tools/bin/../lib/gcc/arm-none-eabi/10.3.1/../../../../arm-none-eabi/lib/thumb/v8-m.main+fp/hard\libc_nano.a(lib_a-findfp.o)
                0x00004894                __sf_fake_stdout
 .rodata.__assert_func.str1.1
                0x000048b4       0x3c c:/nxp/mcuxpressoide_11.7.0_9198/ide/plugins/com.nxp.mcuxpresso.tools.win32_11.7.0.202209140929/tools/bin/../lib/gcc/arm-none-eabi/10.3.1/../../../../arm-none-eabi/lib/thumb/v8-m.main+fp/hard\libc_nano.a(lib_a-assert.o)
                                 0x3d (size before relaxing)
 .rodata._vfprintf_r.str1.1
                0x000048f0       0x11 c:/nxp/mcuxpressoide_11.7.0_9198/ide/plugins/com.nxp.mcuxpresso.tools.win32_11.7.0.202209140929/tools/bin/../lib/gcc/arm-none-eabi/10.3.1/../../../../arm-none-eabi/lib/thumb/v8-m.main+fp/hard\libc_nano.a(lib_a-nano-vfprintf.o)
 .rodata._printf_i.str1.1
                0x00004901       0x22 c:/nxp/mcuxpressoide_11.7.0_9198/ide/plugins/com.nxp.mcuxpresso.tools.win32_11.7.0.202209140929/tools/bin/../lib/gcc/arm-none-eabi/10.3.1/../../../../arm-none-eabi/lib/thumb/v8-m.main+fp/hard\libc_nano.a(lib_a-nano-vfprintf_i.o)
 .rodata.initialise_monitor_handles.part.0.str1.1
                0x00004923        0x4 c:/nxp/mcuxpressoide_11.7.0_9198/ide/plugins/com.nxp.mcuxpresso.tools.win32_11.7.0.202209140929/tools/bin/../lib/gcc/arm-none-eabi/10.3.1/../../../../arm-none-eabi/lib/thumb/v8-m.main+fp/hard\libcr_newlib_semihost.a(syscalls.o)
                0x00004928                . = ALIGN (0x4)
 *fill*         0x00004927        0x1 ff

.glue_7         0x00004928        0x0
 .glue_7        0x00004928        0x0 linker stubs

.glue_7t        0x00004928        0x0
 .glue_7t       0x00004928        0x0 linker stubs

.vfp11_veneer   0x00004928        0x0
 .vfp11_veneer  0x00004928        0x0 linker stubs

.v4_bx          0x00004928        0x0
 .v4_bx         0x00004928        0x0 linker stubs

.iplt           0x00004928        0x0
 .iplt          0x00004928        0x0 ./startup/startup_lpc55s69_cm33_core0.o

.ARM.extab
 *(SORT_BY_ALIGNMENT(.ARM.extab*) SORT_BY_ALIGNMENT(.gnu.linkonce.armextab.*))

.ARM.exidx      0x00004928        0x8
                0x00004928                __exidx_start = .
 *(SORT_BY_ALIGNMENT(.ARM.exidx*) SORT_BY_ALIGNMENT(.gnu.linkonce.armexidx.*))
 .ARM.exidx     0x00004928        0x8 c:/nxp/mcuxpressoide_11.7.0_9198/ide/plugins/com.nxp.mcuxpresso.tools.win32_11.7.0.202209140929/tools/bin/../lib/gcc/arm-none-eabi/10.3.1/thumb/v8-m.main+fp/hard\libgcc.a(_udivmoddi4.o)
                0x00004930                __exidx_end = .
                0x00004930                _etext = .

.rel.dyn        0x00004930        0x0
 .rel.iplt      0x00004930        0x0 ./startup/startup_lpc55s69_cm33_core0.o

.m_usb_data
 *(SORT_BY_ALIGNMENT(m_usb_global))

.data_RAM2      0x20040000        0x0 load address 0x00004930
 FILL mask 0xff
                [!provide]                PROVIDE (__start_data_RAM2 = .)
                [!provide]                PROVIDE (__start_data_SRAM4 = .)
 *(SORT_BY_ALIGNMENT(.ramfunc.$RAM2))
 *(SORT_BY_ALIGNMENT(.ramfunc.$SRAM4))
 *(SORT_BY_ALIGNMENT(.data.$RAM2))
 *(SORT_BY_ALIGNMENT(.data.$SRAM4))
 *(SORT_BY_ALIGNMENT(.data.$RAM2.*))
 *(SORT_BY_ALIGNMENT(.data.$SRAM4.*))
                0x20040000                . = ALIGN (0x4)
                [!provide]                PROVIDE (__end_data_RAM2 = .)
                [!provide]                PROVIDE (__end_data_SRAM4 = .)

.data_RAM3      0x04000000        0x0 load address 0x00004930
 FILL mask 0xff
                [!provide]                PROVIDE (__start_data_RAM3 = .)
                [!provide]                PROVIDE (__start_data_SRAMX = .)
 *(SORT_BY_ALIGNMENT(.ramfunc.$RAM3))
 *(SORT_BY_ALIGNMENT(.ramfunc.$SRAMX))
 *(SORT_BY_ALIGNMENT(.data.$RAM3))
 *(SORT_BY_ALIGNMENT(.data.$SRAMX))
 *(SORT_BY_ALIGNMENT(.data.$RAM3.*))
 *(SORT_BY_ALIGNMENT(.data.$SRAMX.*))
                0x04000000                . = ALIGN (0x4)
                [!provide]                PROVIDE (__end_data_RAM3 = .)
                [!provide]                PROVIDE (__end_data_SRAMX = .)

.data_RAM4      0x40100000        0x0 load address 0x00004930
 FILL mask 0xff
                [!provide]                PROVIDE (__start_data_RAM4 = .)
                [!provide]                PROVIDE (__start_data_USB_RAM = .)
 *(SORT_BY_ALIGNMENT(.ramfunc.$RAM4))
 *(SORT_BY_ALIGNMENT(.ramfunc.$USB_RAM))
 *(SORT_BY_ALIGNMENT(.data.$RAM4))
 *(SORT_BY_ALIGNMENT(.data.$USB_RAM))
 *(SORT_BY_ALIGNMENT(.data.$RAM4.*))
 *(SORT_BY_ALIGNMENT(.data.$USB_RAM.*))
                0x40100000                . = ALIGN (0x4)
                [!provide]                PROVIDE (__end_data_RAM4 = .)
                [!provide]                PROVIDE (__end_data_USB_RAM = .)

.uninit_RESERVED
                0x20000000        0x0
                0x20000000                _start_uninit_RESERVED = .
 *(SORT_BY_ALIGNMENT(.bss.$RESERVED*))
                0x20000000                . = ALIGN (0x4)
                0x20000000                _end_uninit_RESERVED = .

.data           0x20000000      0x158 load address 0x00004930
 FILL mask 0xff
                0x20000000                _data = .
                [!provide]                PROVIDE (__start_data_RAM = .)
                [!provide]                PROVIDE (__start_data_SRAM = .)
 *(SORT_BY_ALIGNMENT(vtable))
 *(SORT_BY_ALIGNMENT(.ramfunc*))
 *(SORT_BY_ALIGNMENT(CodeQuickAccess))
 *(SORT_BY_ALIGNMENT(DataQuickAccess))
 *(SORT_BY_ALIGNMENT(RamFunction))
 *(SORT_BY_ALIGNMENT(.data*))
 .data.id       0x20000000        0x4 ./kernel/kernel.o
 .data.s_Ext_Clk_Freq
                0x20000004        0x4 ./drivers/fsl_clock.o
 .data.SystemCoreClock
                0x20000008        0x4 ./device/system_LPC55S69_cm33_core0.o
                0x20000008                SystemCoreClock
 .data.dev_test
                0x2000000c       0x34 ./device/target.o
                0x2000000c                dev_test
 .data.dev_leds
                0x20000040       0x34 ./device/target.o
                0x20000040                dev_leds
 .data.dev_swuser
                0x20000074       0x34 ./device/target.o
                0x20000074                dev_swuser
 .data.dev_serial
                0x200000a8       0x34 ./device/target.o
                0x200000a8                dev_serial
 .data.device_table
                0x200000dc       0x14 ./device/target.o
                0x200000dc                device_table
 .data._impure_ptr
                0x200000f0        0x4 c:/nxp/mcuxpressoide_11.7.0_9198/ide/plugins/com.nxp.mcuxpresso.tools.win32_11.7.0.202209140929/tools/bin/../lib/gcc/arm-none-eabi/10.3.1/../../../../arm-none-eabi/lib/thumb/v8-m.main+fp/hard\libc_nano.a(lib_a-impure.o)
                0x200000f0                _impure_ptr
 .data.impure_data
                0x200000f4       0x60 c:/nxp/mcuxpressoide_11.7.0_9198/ide/plugins/com.nxp.mcuxpresso.tools.win32_11.7.0.202209140929/tools/bin/../lib/gcc/arm-none-eabi/10.3.1/../../../../arm-none-eabi/lib/thumb/v8-m.main+fp/hard\libc_nano.a(lib_a-impure.o)
 .data.btn1_state.0
                0x20000154        0x2 ./source/main.o
                0x20000158                . = ALIGN (0x4)
 *fill*         0x20000156        0x2 ff
                0x20000158                _edata = .
                [!provide]                PROVIDE (__end_data_RAM = .)
                [!provide]                PROVIDE (__end_data_SRAM = .)

.igot.plt       0x20000158        0x0 load address 0x00004a88
 .igot.plt      0x20000158        0x0 ./startup/startup_lpc55s69_cm33_core0.o

.bss_RAM2       0x20040000        0x0
                [!provide]                PROVIDE (__start_bss_RAM2 = .)
                [!provide]                PROVIDE (__start_bss_SRAM4 = .)
 *(SORT_BY_ALIGNMENT(.bss.$RAM2))
 *(SORT_BY_ALIGNMENT(.bss.$SRAM4))
 *(SORT_BY_ALIGNMENT(.bss.$RAM2.*))
 *(SORT_BY_ALIGNMENT(.bss.$SRAM4.*))
                0x20040000                . = ALIGN ((. != 0x0)?0x4:0x1)
                [!provide]                PROVIDE (__end_bss_RAM2 = .)
                [!provide]                PROVIDE (__end_bss_SRAM4 = .)

.bss_RAM3       0x04000000        0x0
                [!provide]                PROVIDE (__start_bss_RAM3 = .)
                [!provide]                PROVIDE (__start_bss_SRAMX = .)
 *(SORT_BY_ALIGNMENT(.bss.$RAM3))
 *(SORT_BY_ALIGNMENT(.bss.$SRAMX))
 *(SORT_BY_ALIGNMENT(.bss.$RAM3.*))
 *(SORT_BY_ALIGNMENT(.bss.$SRAMX.*))
                0x04000000                . = ALIGN ((. != 0x0)?0x4:0x1)
                [!provide]                PROVIDE (__end_bss_RAM3 = .)
                [!provide]                PROVIDE (__end_bss_SRAMX = .)

.bss_RAM4       0x40100000        0x0
                [!provide]                PROVIDE (__start_bss_RAM4 = .)
                [!provide]                PROVIDE (__start_bss_USB_RAM = .)
 *(SORT_BY_ALIGNMENT(.bss.$RAM4))
 *(SORT_BY_ALIGNMENT(.bss.$USB_RAM))
 *(SORT_BY_ALIGNMENT(.bss.$RAM4.*))
 *(SORT_BY_ALIGNMENT(.bss.$USB_RAM.*))
                0x40100000                . = ALIGN ((. != 0x0)?0x4:0x1)
                [!provide]                PROVIDE (__end_bss_RAM4 = .)
                [!provide]                PROVIDE (__end_bss_USB_RAM = .)

.bss            0x20000158      0x12c
                0x20000158                _bss = .
                [!provide]                PROVIDE (__start_bss_RAM = .)
                [!provide]                PROVIDE (__start_bss_SRAM = .)
 *(SORT_BY_ALIGNMENT(.bss*))
 .bss.sem       0x20000158        0x4 ./source/main.o
                0x20000158                sem
 .bss.cpt       0x2000015c        0x4 ./source/main.o
                0x2000015c                cpt
 .bss.tsk_running
                0x20000160        0x4 ./kernel/kernel.o
                0x20000160                tsk_running
 .bss.tsk_prev  0x20000164        0x4 ./kernel/kernel.o
                0x20000164                tsk_prev
 .bss.tsk_sleeping
                0x20000168        0x4 ./kernel/kernel.o
                0x20000168                tsk_sleeping
 .bss.sys_tick_cnt
                0x2000016c        0x4 ./kernel/kernel.o
                0x2000016c                sys_tick_cnt
 .bss.s_Pll0_Freq
                0x20000170        0x4 ./drivers/fsl_clock.o
 .bss.s_flexcommIrqHandler
                0x20000174       0x24 ./drivers/fsl_flexcomm.o
 .bss.s_flexcommHandle
                0x20000198       0x24 ./drivers/fsl_flexcomm.o
 .bss.s_secpintCallback
                0x200001bc        0x8 ./drivers/fsl_pint.o
 .bss.s_pintCallback
                0x200001c4       0x20 ./drivers/fsl_pint.o
 .bss.opened_fds
                0x200001e4       0x50 ./device/vfs.o
                0x200001e4                opened_fds
 .bss.vfs_mutex
                0x20000234        0x4 ./device/vfs.o
                0x20000234                vfs_mutex
 .bss.__malloc_free_list
                0x20000238        0x4 c:/nxp/mcuxpressoide_11.7.0_9198/ide/plugins/com.nxp.mcuxpresso.tools.win32_11.7.0.202209140929/tools/bin/../lib/gcc/arm-none-eabi/10.3.1/../../../../arm-none-eabi/lib/thumb/v8-m.main+fp/hard\libc_nano.a(lib_a-nano-mallocr.o)
                0x20000238                __malloc_free_list
 .bss.__malloc_sbrk_start
                0x2000023c        0x4 c:/nxp/mcuxpressoide_11.7.0_9198/ide/plugins/com.nxp.mcuxpresso.tools.win32_11.7.0.202209140929/tools/bin/../lib/gcc/arm-none-eabi/10.3.1/../../../../arm-none-eabi/lib/thumb/v8-m.main+fp/hard\libc_nano.a(lib_a-nano-mallocr.o)
                0x2000023c                __malloc_sbrk_start
 .bss.errno     0x20000240        0x4 c:/nxp/mcuxpressoide_11.7.0_9198/ide/plugins/com.nxp.mcuxpresso.tools.win32_11.7.0.202209140929/tools/bin/../lib/gcc/arm-none-eabi/10.3.1/../../../../arm-none-eabi/lib/thumb/v8-m.main+fp/hard\libc_nano.a(lib_a-reent.o)
                0x20000240                errno
 .bss.__end_of_heap
                0x20000244        0x4 c:/nxp/mcuxpressoide_11.7.0_9198/ide/plugins/com.nxp.mcuxpresso.tools.win32_11.7.0.202209140929/tools/bin/../lib/gcc/arm-none-eabi/10.3.1/../../../../arm-none-eabi/lib/thumb/v8-m.main+fp/hard\libcr_newlib_semihost.a(_cr_sbrk.o)
                0x20000244                __end_of_heap
 .bss.initialized.0
                0x20000248        0x4 c:/nxp/mcuxpressoide_11.7.0_9198/ide/plugins/com.nxp.mcuxpresso.tools.win32_11.7.0.202209140929/tools/bin/../lib/gcc/arm-none-eabi/10.3.1/../../../../arm-none-eabi/lib/thumb/v8-m.main+fp/hard\libcr_newlib_semihost.a(syscalls.o)
 .bss.monitor_stderr
                0x2000024c        0x4 c:/nxp/mcuxpressoide_11.7.0_9198/ide/plugins/com.nxp.mcuxpresso.tools.win32_11.7.0.202209140929/tools/bin/../lib/gcc/arm-none-eabi/10.3.1/../../../../arm-none-eabi/lib/thumb/v8-m.main+fp/hard\libcr_newlib_semihost.a(syscalls.o)
 .bss.monitor_stdin
                0x20000250        0x4 c:/nxp/mcuxpressoide_11.7.0_9198/ide/plugins/com.nxp.mcuxpresso.tools.win32_11.7.0.202209140929/tools/bin/../lib/gcc/arm-none-eabi/10.3.1/../../../../arm-none-eabi/lib/thumb/v8-m.main+fp/hard\libcr_newlib_semihost.a(syscalls.o)
 .bss.monitor_stdout
                0x20000254        0x4 c:/nxp/mcuxpressoide_11.7.0_9198/ide/plugins/com.nxp.mcuxpresso.tools.win32_11.7.0.202209140929/tools/bin/../lib/gcc/arm-none-eabi/10.3.1/../../../../arm-none-eabi/lib/thumb/v8-m.main+fp/hard\libcr_newlib_semihost.a(syscalls.o)
 .bss.openfiles
                0x20000258       0x28 c:/nxp/mcuxpressoide_11.7.0_9198/ide/plugins/com.nxp.mcuxpresso.tools.win32_11.7.0.202209140929/tools/bin/../lib/gcc/arm-none-eabi/10.3.1/../../../../arm-none-eabi/lib/thumb/v8-m.main+fp/hard\libcr_newlib_semihost.a(syscalls.o)
 .bss.__lock___malloc_recursive_mutex
                0x20000280        0x1 c:/nxp/mcuxpressoide_11.7.0_9198/ide/plugins/com.nxp.mcuxpresso.tools.win32_11.7.0.202209140929/tools/bin/../lib/gcc/arm-none-eabi/10.3.1/../../../../arm-none-eabi/lib/thumb/v8-m.main+fp/hard\libc_nano.a(lib_a-lock.o)
                0x20000280                __lock___malloc_recursive_mutex
 .bss.__lock___sfp_recursive_mutex
                0x20000281        0x1 c:/nxp/mcuxpressoide_11.7.0_9198/ide/plugins/com.nxp.mcuxpresso.tools.win32_11.7.0.202209140929/tools/bin/../lib/gcc/arm-none-eabi/10.3.1/../../../../arm-none-eabi/lib/thumb/v8-m.main+fp/hard\libc_nano.a(lib_a-lock.o)
                0x20000281                __lock___sfp_recursive_mutex
 .bss.__lock___sinit_recursive_mutex
                0x20000282        0x1 c:/nxp/mcuxpressoide_11.7.0_9198/ide/plugins/com.nxp.mcuxpresso.tools.win32_11.7.0.202209140929/tools/bin/../lib/gcc/arm-none-eabi/10.3.1/../../../../arm-none-eabi/lib/thumb/v8-m.main+fp/hard\libc_nano.a(lib_a-lock.o)
                0x20000282                __lock___sinit_recursive_mutex
 *(SORT_BY_ALIGNMENT(COMMON))
                0x20000284                . = ALIGN (0x4)
 *fill*         0x20000283        0x1 
                0x20000284                _ebss = .
                [!provide]                PROVIDE (__end_bss_RAM = .)
                [!provide]                PROVIDE (__end_bss_SRAM = .)
                [!provide]                PROVIDE (end = .)

.noinit_RAM2    0x20040000        0x0
                [!provide]                PROVIDE (__start_noinit_RAM2 = .)
                [!provide]                PROVIDE (__start_noinit_SRAM4 = .)
 *(SORT_BY_ALIGNMENT(.noinit.$RAM2))
 *(SORT_BY_ALIGNMENT(.noinit.$SRAM4))
 *(SORT_BY_ALIGNMENT(.noinit.$RAM2.*))
 *(SORT_BY_ALIGNMENT(.noinit.$SRAM4.*))
                0x20040000                . = ALIGN (0x4)
                [!provide]                PROVIDE (__end_noinit_RAM2 = .)
                [!provide]                PROVIDE (__end_noinit_SRAM4 = .)

.noinit_RAM3    0x04000000        0x0
                [!provide]                PROVIDE (__start_noinit_RAM3 = .)
                [!provide]                PROVIDE (__start_noinit_SRAMX = .)
 *(SORT_BY_ALIGNMENT(.noinit.$RAM3))
 *(SORT_BY_ALIGNMENT(.noinit.$SRAMX))
 *(SORT_BY_ALIGNMENT(.noinit.$RAM3.*))
 *(SORT_BY_ALIGNMENT(.noinit.$SRAMX.*))
                0x04000000                . = ALIGN (0x4)
                [!provide]                PROVIDE (__end_noinit_RAM3 = .)
                [!provide]                PROVIDE (__end_noinit_SRAMX = .)

.noinit_RAM4    0x40100000        0x0
                [!provide]                PROVIDE (__start_noinit_RAM4 = .)
                [!provide]                PROVIDE (__start_noinit_USB_RAM = .)
 *(SORT_BY_ALIGNMENT(.noinit.$RAM4))
 *(SORT_BY_ALIGNMENT(.noinit.$USB_RAM))
 *(SORT_BY_ALIGNMENT(.noinit.$RAM4.*))
 *(SORT_BY_ALIGNMENT(.noinit.$USB_RAM.*))
                0x40100000                . = ALIGN (0x4)
                [!provide]                PROVIDE (__end_noinit_RAM4 = .)
                [!provide]                PROVIDE (__end_noinit_USB_RAM = .)

.noinit         0x20000284        0x0
                0x20000284                _noinit = .
                [!provide]                PROVIDE (__start_noinit_RAM = .)
                [!provide]                PROVIDE (__start_noinit_SRAM = .)
 *(SORT_BY_ALIGNMENT(.noinit*))
                0x20000284                . = ALIGN (0x4)
                0x20000284                _end_noinit = .
                [!provide]                PROVIDE (__end_noinit_RAM = .)
                [!provide]                PROVIDE (__end_noinit_SRAM = .)
                0x00001000                _HeapSize = 0x1000

.heap           0x20000284     0x1000
                0x20000284                _pvHeapStart = .
                0x20001284                . = (. + _HeapSize)
 *fill*         0x20000284     0x1000 
                0x20001284                . = ALIGN (0x4)
                0x20001284                _pvHeapLimit = .
                0x00001000                _StackSize = 0x1000

.heap2stackfill
                0x20001284     0x1000
                0x20002284                . = (. + _StackSize)
 *fill*         0x20001284     0x1000 

.stack          0x2003f000        0x0
                0x2003f000                _vStackBase = .
                0x2003f000                . = ALIGN (0x4)
                0x20040000                _vStackTop = (. + _StackSize)
                [!provide]                PROVIDE (__valid_user_code_checksum = (0x0 - ((((((_vStackTop + (ResetISR + 0x1)) + (NMI_Handler + 0x1)) + (HardFault_Handler + 0x1)) + (DEFINED (MemManage_Handler)?MemManage_Handler:0x0 + 0x1)) + (DEFINED (BusFault_Handler)?BusFault_Handler:0x0 + 0x1)) + (DEFINED (UsageFault_Handler)?UsageFault_Handler:0x0 + 0x1))))
                0x00000000                _image_start = LOADADDR (.text)
                0x00004a88                _image_end = (LOADADDR (.data) + SIZEOF (.data))
                0x00004a88                _image_size = (_image_end - _image_start)
OUTPUT(LPC55S69_OS.src.axf elf32-littlearm)
LOAD linker stubs

.debug_info     0x00000000    0x1b2f8
 .debug_info    0x00000000     0x10e6 ./startup/startup_lpc55s69_cm33_core0.o
 .debug_info    0x000010e6       0x22 ./startup/svc.o
 .debug_info    0x00001108      0x71d ./source/main.o
 .debug_info    0x00001825      0x2cf ./source/oslib.o
 .debug_info    0x00001af4       0x3c ./source/semihost_hardfault.o
 .debug_info    0x00001b30      0xee0 ./kernel/kernel.o
 .debug_info    0x00002a10      0x30f ./kernel/list.o
 .debug_info    0x00002d1f     0x3296 ./drivers/fsl_clock.o
 .debug_info    0x00005fb5      0x281 ./drivers/fsl_common.o
 .debug_info    0x00006236     0x1ac8 ./drivers/fsl_flexcomm.o
 .debug_info    0x00007cfe     0x173c ./drivers/fsl_gpio.o
 .debug_info    0x0000943a     0x1e33 ./drivers/fsl_inputmux.o
 .debug_info    0x0000b26d     0x2369 ./drivers/fsl_pint.o
 .debug_info    0x0000d5d6      0xf14 ./drivers/fsl_reset.o
 .debug_info    0x0000e4ea     0x1958 ./drivers/fsl_usart.o
 .debug_info    0x0000fe42     0x1366 ./device/system_LPC55S69_cm33_core0.o
 .debug_info    0x000111a8     0x2546 ./device/target.o
 .debug_info    0x000136ee      0x889 ./device/vfs.o
 .debug_info    0x00013f77      0x8e0 ./board/board.o
 .debug_info    0x00014857     0x15a6 ./board/clock_config.o
 .debug_info    0x00015dfd       0xa9 ./board/peripherals.o
 .debug_info    0x00015ea6     0x1e4d ./board/pin_mux.o
 .debug_info    0x00017cf3     0x3605 C:\Enib\OS\LPC55S69_OS.src\LPC55S69\mcuxpresso\libpower_hardabi.a(fsl_power_lib.o)

.debug_abbrev   0x00000000     0x2e0b
 .debug_abbrev  0x00000000      0x265 ./startup/startup_lpc55s69_cm33_core0.o
 .debug_abbrev  0x00000265       0x12 ./startup/svc.o
 .debug_abbrev  0x00000277      0x1f1 ./source/main.o
 .debug_abbrev  0x00000468      0x11e ./source/oslib.o
 .debug_abbrev  0x00000586       0x31 ./source/semihost_hardfault.o
 .debug_abbrev  0x000005b7      0x38a ./kernel/kernel.o
 .debug_abbrev  0x00000941      0x138 ./kernel/list.o
 .debug_abbrev  0x00000a79      0x367 ./drivers/fsl_clock.o
 .debug_abbrev  0x00000de0      0x175 ./drivers/fsl_common.o
 .debug_abbrev  0x00000f55      0x2cd ./drivers/fsl_flexcomm.o
 .debug_abbrev  0x00001222      0x21d ./drivers/fsl_gpio.o
 .debug_abbrev  0x0000143f      0x1d7 ./drivers/fsl_inputmux.o
 .debug_abbrev  0x00001616      0x2e7 ./drivers/fsl_pint.o
 .debug_abbrev  0x000018fd      0x14d ./drivers/fsl_reset.o
 .debug_abbrev  0x00001a4a      0x2f7 ./drivers/fsl_usart.o
 .debug_abbrev  0x00001d41      0x1fa ./device/system_LPC55S69_cm33_core0.o
 .debug_abbrev  0x00001f3b      0x308 ./device/target.o
 .debug_abbrev  0x00002243      0x1d2 ./device/vfs.o
 .debug_abbrev  0x00002415      0x104 ./board/board.o
 .debug_abbrev  0x00002519      0x1ea ./board/clock_config.o
 .debug_abbrev  0x00002703       0x61 ./board/peripherals.o
 .debug_abbrev  0x00002764      0x213 ./board/pin_mux.o
 .debug_abbrev  0x00002977      0x494 C:\Enib\OS\LPC55S69_OS.src\LPC55S69\mcuxpresso\libpower_hardabi.a(fsl_power_lib.o)

.debug_aranges  0x00000000      0xd30
 .debug_aranges
                0x00000000      0x270 ./startup/startup_lpc55s69_cm33_core0.o
 .debug_aranges
                0x00000270       0x28 ./startup/svc.o
 .debug_aranges
                0x00000298       0x40 ./source/main.o
 .debug_aranges
                0x000002d8       0x78 ./source/oslib.o
 .debug_aranges
                0x00000350       0x20 ./source/semihost_hardfault.o
 .debug_aranges
                0x00000370       0xa0 ./kernel/kernel.o
 .debug_aranges
                0x00000410       0x48 ./kernel/list.o
 .debug_aranges
                0x00000458      0x220 ./drivers/fsl_clock.o
 .debug_aranges
                0x00000678       0x38 ./drivers/fsl_common.o
 .debug_aranges
                0x000006b0       0x90 ./drivers/fsl_flexcomm.o
 .debug_aranges
                0x00000740       0x38 ./drivers/fsl_gpio.o
 .debug_aranges
                0x00000778       0x40 ./drivers/fsl_inputmux.o
 .debug_aranges
                0x000007b8      0x118 ./drivers/fsl_pint.o
 .debug_aranges
                0x000008d0       0x30 ./drivers/fsl_reset.o
 .debug_aranges
                0x00000900       0xf8 ./drivers/fsl_usart.o
 .debug_aranges
                0x000009f8       0x88 ./device/system_LPC55S69_cm33_core0.o
 .debug_aranges
                0x00000a80       0xc8 ./device/target.o
 .debug_aranges
                0x00000b48       0x68 ./device/vfs.o
 .debug_aranges
                0x00000bb0       0x30 ./board/board.o
 .debug_aranges
                0x00000be0       0x50 ./board/clock_config.o
 .debug_aranges
                0x00000c30       0x28 ./board/peripherals.o
 .debug_aranges
                0x00000c58       0x40 ./board/pin_mux.o
 .debug_aranges
                0x00000c98       0x98 C:\Enib\OS\LPC55S69_OS.src\LPC55S69\mcuxpresso\libpower_hardabi.a(fsl_power_lib.o)

.debug_ranges   0x00000000      0xd30
 .debug_ranges  0x00000000      0x260 ./startup/startup_lpc55s69_cm33_core0.o
 .debug_ranges  0x00000260       0x20 ./startup/svc.o
 .debug_ranges  0x00000280       0x30 ./source/main.o
 .debug_ranges  0x000002b0       0x68 ./source/oslib.o
 .debug_ranges  0x00000318       0x10 ./source/semihost_hardfault.o
 .debug_ranges  0x00000328       0x90 ./kernel/kernel.o
 .debug_ranges  0x000003b8       0x38 ./kernel/list.o
 .debug_ranges  0x000003f0      0x210 ./drivers/fsl_clock.o
 .debug_ranges  0x00000600       0x28 ./drivers/fsl_common.o
 .debug_ranges  0x00000628       0x80 ./drivers/fsl_flexcomm.o
 .debug_ranges  0x000006a8       0x28 ./drivers/fsl_gpio.o
 .debug_ranges  0x000006d0       0x30 ./drivers/fsl_inputmux.o
 .debug_ranges  0x00000700      0x108 ./drivers/fsl_pint.o
 .debug_ranges  0x00000808       0x20 ./drivers/fsl_reset.o
 .debug_ranges  0x00000828       0xe8 ./drivers/fsl_usart.o
 .debug_ranges  0x00000910       0x78 ./device/system_LPC55S69_cm33_core0.o
 .debug_ranges  0x00000988       0xb8 ./device/target.o
 .debug_ranges  0x00000a40       0x58 ./device/vfs.o
 .debug_ranges  0x00000a98       0x20 ./board/board.o
 .debug_ranges  0x00000ab8       0x40 ./board/clock_config.o
 .debug_ranges  0x00000af8       0x18 ./board/peripherals.o
 .debug_ranges  0x00000b10       0x30 ./board/pin_mux.o
 .debug_ranges  0x00000b40      0x1f0 C:\Enib\OS\LPC55S69_OS.src\LPC55S69\mcuxpresso\libpower_hardabi.a(fsl_power_lib.o)

.debug_macro    0x00000000     0x399f
 .debug_macro   0x00000000      0x273 ./startup/startup_lpc55s69_cm33_core0.o
 .debug_macro   0x00000273       0x10 ./startup/startup_lpc55s69_cm33_core0.o
 .debug_macro   0x00000283       0x2f ./startup/startup_lpc55s69_cm33_core0.o
 .debug_macro   0x000002b2       0x10 ./startup/startup_lpc55s69_cm33_core0.o
 .debug_macro   0x000002c2       0xf6 ./startup/startup_lpc55s69_cm33_core0.o
 .debug_macro   0x000003b8      0x25c ./startup/startup_lpc55s69_cm33_core0.o
 .debug_macro   0x00000614       0x5e ./startup/startup_lpc55s69_cm33_core0.o
 .debug_macro   0x00000672      0x31d ./source/main.o
 .debug_macro   0x0000098f       0x16 ./source/main.o
 .debug_macro   0x000009a5       0x97 ./source/main.o
 .debug_macro   0x00000a3c       0xfd ./source/main.o
 .debug_macro   0x00000b39       0x10 ./source/main.o
 .debug_macro   0x00000b49       0x76 ./source/main.o
 .debug_macro   0x00000bbf      0x24d ./source/oslib.o
 .debug_macro   0x00000e0c       0x11 ./source/semihost_hardfault.o
 .debug_macro   0x00000e1d      0x258 ./kernel/kernel.o
 .debug_macro   0x00001075      0x312 ./kernel/list.o
 .debug_macro   0x00001387      0x2b5 ./drivers/fsl_clock.o
 .debug_macro   0x0000163c      0x2fe ./drivers/fsl_clock.o
 .debug_macro   0x0000193a      0x212 ./drivers/fsl_common.o
 .debug_macro   0x00001b4c      0x215 ./drivers/fsl_flexcomm.o
 .debug_macro   0x00001d61       0x10 ./drivers/fsl_flexcomm.o
 .debug_macro   0x00001d71      0x21c ./drivers/fsl_gpio.o
 .debug_macro   0x00001f8d      0x21f ./drivers/fsl_inputmux.o
 .debug_macro   0x000021ac       0x8e ./drivers/fsl_inputmux.o
 .debug_macro   0x0000223a      0x21b ./drivers/fsl_pint.o
 .debug_macro   0x00002455       0x70 ./drivers/fsl_pint.o
 .debug_macro   0x000024c5      0x20c ./drivers/fsl_reset.o
 .debug_macro   0x000026d1      0x224 ./drivers/fsl_usart.o
 .debug_macro   0x000028f5       0x1c ./drivers/fsl_usart.o
 .debug_macro   0x00002911       0xa9 ./device/system_LPC55S69_cm33_core0.o
 .debug_macro   0x000029ba      0x295 ./device/target.o
 .debug_macro   0x00002c4f       0x76 ./device/target.o
 .debug_macro   0x00002cc5       0x88 ./device/target.o
 .debug_macro   0x00002d4d       0x16 ./device/target.o
 .debug_macro   0x00002d63      0x256 ./device/vfs.o
 .debug_macro   0x00002fb9      0x338 ./board/board.o
 .debug_macro   0x000032f1       0x16 ./board/board.o
 .debug_macro   0x00003307       0x35 ./board/board.o
 .debug_macro   0x0000333c      0x222 ./board/clock_config.o
 .debug_macro   0x0000355e      0x210 ./board/peripherals.o
 .debug_macro   0x0000376e      0x231 ./board/pin_mux.o

.debug_line     0x00000000     0xce40
 .debug_line    0x00000000      0xd25 ./startup/startup_lpc55s69_cm33_core0.o
 .debug_line    0x00000d25       0x76 ./startup/svc.o
 .debug_line    0x00000d9b      0x759 ./source/main.o
 .debug_line    0x000014f4      0x6e2 ./source/oslib.o
 .debug_line    0x00001bd6       0x59 ./source/semihost_hardfault.o
 .debug_line    0x00001c2f      0xa1d ./kernel/kernel.o
 .debug_line    0x0000264c      0x802 ./kernel/list.o